--------------------------------------------------------------------------------
Release 12.3 Trace  (nt)
Copyright (c) 1995-2010 Xilinx, Inc.  All rights reserved.

C:\Xilinx\12.3\ISE_DS\ISE\bin\nt\unwrapped\trce.exe -intstyle ise -v 3 -s 5 -n
3 -fastpaths -xml ALU.twx ALU.ncd -o ALU.twr ALU.pcf

Design file:              ALU.ncd
Physical constraint file: ALU.pcf
Device,package,speed:     xc3s500e,fg320,-5 (PRODUCTION 1.27 2010-09-15)
Report level:             verbose report

Environment Variable      Effect 
--------------------      ------ 
NONE                      No environment variables were set
--------------------------------------------------------------------------------

INFO:Timing:2698 - No timing constraints found, doing default enumeration.
INFO:Timing:2752 - To get complete path coverage, use the unconstrained paths 
   option. All paths that are not constrained will be reported in the 
   unconstrained paths section(s) of the report.
INFO:Timing:3339 - The clock-to-out numbers in this timing report are based on 
   a 50 Ohm transmission line loading model.  For the details of this model, 
   and for more information on accounting for different loading conditions, 
   please see the device datasheet.
INFO:Timing:3390 - This architecture does not support a default System Jitter 
   value, please add SYSTEM_JITTER constraint to the UCF to modify the Clock 
   Uncertainty calculation.
INFO:Timing:3389 - This architecture does not support 'Discrete Jitter' and 
   'Phase Error' calculations, these terms will be zero in the Clock 
   Uncertainty calculation.  Please make appropriate modification to 
   SYSTEM_JITTER to account for the unsupported Discrete Jitter and Phase 
   Error.



Data Sheet report:
-----------------
All values displayed in nanoseconds (ns)

Pad to Pad
---------------+---------------+---------+
Source Pad     |Destination Pad|  Delay  |
---------------+---------------+---------+
alu_a<0>       |alu_out<0>     |   19.470|
alu_a<0>       |alu_out<1>     |   16.689|
alu_a<0>       |alu_out<2>     |   17.411|
alu_a<0>       |alu_out<3>     |   17.808|
alu_a<0>       |alu_out<4>     |   16.176|
alu_a<0>       |alu_out<5>     |   16.914|
alu_a<0>       |alu_out<6>     |   16.699|
alu_a<0>       |alu_out<7>     |   16.417|
alu_a<0>       |alu_out<8>     |   17.809|
alu_a<0>       |alu_out<9>     |   17.090|
alu_a<0>       |alu_out<10>    |   17.504|
alu_a<0>       |alu_out<11>    |   16.490|
alu_a<0>       |alu_out<12>    |   17.718|
alu_a<0>       |alu_out<13>    |   16.583|
alu_a<0>       |alu_out<14>    |   16.121|
alu_a<0>       |alu_out<15>    |   15.848|
alu_a<0>       |alu_out<16>    |   17.509|
alu_a<0>       |alu_out<17>    |   15.948|
alu_a<0>       |alu_out<18>    |   17.245|
alu_a<0>       |alu_out<19>    |   16.505|
alu_a<0>       |alu_out<20>    |   16.254|
alu_a<0>       |alu_out<21>    |   16.502|
alu_a<0>       |alu_out<22>    |   15.863|
alu_a<0>       |alu_out<23>    |   16.060|
alu_a<0>       |alu_out<24>    |   15.656|
alu_a<0>       |alu_out<25>    |   15.357|
alu_a<0>       |alu_out<26>    |   15.635|
alu_a<0>       |alu_out<27>    |   16.817|
alu_a<0>       |alu_out<28>    |   17.367|
alu_a<0>       |alu_out<29>    |   16.871|
alu_a<0>       |alu_out<30>    |   18.581|
alu_a<0>       |alu_out<31>    |   17.347|
alu_a<1>       |alu_out<0>     |   15.665|
alu_a<1>       |alu_out<1>     |   15.204|
alu_a<1>       |alu_out<2>     |   14.600|
alu_a<1>       |alu_out<3>     |   14.719|
alu_a<1>       |alu_out<4>     |   13.726|
alu_a<1>       |alu_out<5>     |   15.334|
alu_a<1>       |alu_out<6>     |   14.190|
alu_a<1>       |alu_out<7>     |   13.987|
alu_a<1>       |alu_out<8>     |   14.794|
alu_a<1>       |alu_out<9>     |   15.523|
alu_a<1>       |alu_out<10>    |   14.728|
alu_a<1>       |alu_out<11>    |   13.545|
alu_a<1>       |alu_out<12>    |   13.913|
alu_a<1>       |alu_out<13>    |   15.216|
alu_a<1>       |alu_out<14>    |   13.386|
alu_a<1>       |alu_out<15>    |   13.462|
alu_a<1>       |alu_out<16>    |   14.761|
alu_a<1>       |alu_out<17>    |   14.463|
alu_a<1>       |alu_out<18>    |   14.902|
alu_a<1>       |alu_out<19>    |   14.028|
alu_a<1>       |alu_out<20>    |   13.993|
alu_a<1>       |alu_out<21>    |   14.922|
alu_a<1>       |alu_out<22>    |   13.806|
alu_a<1>       |alu_out<23>    |   13.474|
alu_a<1>       |alu_out<24>    |   13.769|
alu_a<1>       |alu_out<25>    |   13.781|
alu_a<1>       |alu_out<26>    |   13.830|
alu_a<1>       |alu_out<27>    |   13.812|
alu_a<1>       |alu_out<28>    |   14.958|
alu_a<1>       |alu_out<29>    |   15.036|
alu_a<1>       |alu_out<30>    |   15.846|
alu_a<1>       |alu_out<31>    |   15.253|
alu_a<2>       |alu_out<0>     |   15.509|
alu_a<2>       |alu_out<1>     |   13.290|
alu_a<2>       |alu_out<2>     |   13.667|
alu_a<2>       |alu_out<3>     |   13.825|
alu_a<2>       |alu_out<4>     |   13.374|
alu_a<2>       |alu_out<5>     |   13.176|
alu_a<2>       |alu_out<6>     |   12.793|
alu_a<2>       |alu_out<7>     |   13.564|
alu_a<2>       |alu_out<8>     |   14.306|
alu_a<2>       |alu_out<9>     |   14.303|
alu_a<2>       |alu_out<10>    |   13.903|
alu_a<2>       |alu_out<11>    |   13.652|
alu_a<2>       |alu_out<12>    |   13.636|
alu_a<2>       |alu_out<13>    |   13.405|
alu_a<2>       |alu_out<14>    |   12.432|
alu_a<2>       |alu_out<15>    |   12.361|
alu_a<2>       |alu_out<16>    |   13.090|
alu_a<2>       |alu_out<17>    |   12.100|
alu_a<2>       |alu_out<18>    |   12.235|
alu_a<2>       |alu_out<19>    |   12.631|
alu_a<2>       |alu_out<20>    |   12.896|
alu_a<2>       |alu_out<21>    |   13.202|
alu_a<2>       |alu_out<22>    |   12.633|
alu_a<2>       |alu_out<23>    |   13.157|
alu_a<2>       |alu_out<24>    |   12.844|
alu_a<2>       |alu_out<25>    |   12.280|
alu_a<2>       |alu_out<26>    |   13.161|
alu_a<2>       |alu_out<27>    |   13.289|
alu_a<2>       |alu_out<28>    |   14.430|
alu_a<2>       |alu_out<29>    |   13.306|
alu_a<2>       |alu_out<30>    |   13.552|
alu_a<2>       |alu_out<31>    |   13.814|
alu_a<3>       |alu_out<0>     |   14.183|
alu_a<3>       |alu_out<1>     |   12.119|
alu_a<3>       |alu_out<2>     |   12.704|
alu_a<3>       |alu_out<3>     |   12.866|
alu_a<3>       |alu_out<4>     |   11.637|
alu_a<3>       |alu_out<5>     |   12.274|
alu_a<3>       |alu_out<6>     |   12.567|
alu_a<3>       |alu_out<7>     |   12.416|
alu_a<3>       |alu_out<8>     |   13.439|
alu_a<3>       |alu_out<9>     |   12.992|
alu_a<3>       |alu_out<10>    |   12.791|
alu_a<3>       |alu_out<11>    |   12.683|
alu_a<3>       |alu_out<12>    |   12.866|
alu_a<3>       |alu_out<13>    |   12.113|
alu_a<3>       |alu_out<14>    |   11.140|
alu_a<3>       |alu_out<15>    |   11.276|
alu_a<3>       |alu_out<16>    |   12.222|
alu_a<3>       |alu_out<17>    |   10.976|
alu_a<3>       |alu_out<18>    |   10.943|
alu_a<3>       |alu_out<19>    |   11.563|
alu_a<3>       |alu_out<20>    |   11.264|
alu_a<3>       |alu_out<21>    |   11.910|
alu_a<3>       |alu_out<22>    |   11.554|
alu_a<3>       |alu_out<23>    |   12.059|
alu_a<3>       |alu_out<24>    |   12.267|
alu_a<3>       |alu_out<25>    |   11.994|
alu_a<3>       |alu_out<26>    |   12.436|
alu_a<3>       |alu_out<27>    |   13.010|
alu_a<3>       |alu_out<28>    |   13.358|
alu_a<3>       |alu_out<29>    |   12.565|
alu_a<3>       |alu_out<30>    |   13.100|
alu_a<3>       |alu_out<31>    |   13.184|
alu_a<4>       |alu_out<0>     |   13.711|
alu_a<4>       |alu_out<1>     |   11.408|
alu_a<4>       |alu_out<2>     |   12.032|
alu_a<4>       |alu_out<3>     |   11.178|
alu_a<4>       |alu_out<4>     |   11.746|
alu_a<4>       |alu_out<5>     |   11.269|
alu_a<4>       |alu_out<6>     |   11.654|
alu_a<4>       |alu_out<7>     |   11.314|
alu_a<4>       |alu_out<8>     |   12.811|
alu_a<4>       |alu_out<9>     |   12.870|
alu_a<4>       |alu_out<10>    |   12.837|
alu_a<4>       |alu_out<11>    |   12.777|
alu_a<4>       |alu_out<12>    |   12.659|
alu_a<4>       |alu_out<13>    |   12.530|
alu_a<4>       |alu_out<14>    |   11.557|
alu_a<4>       |alu_out<15>    |   11.486|
alu_a<4>       |alu_out<16>    |   11.703|
alu_a<4>       |alu_out<17>    |   11.225|
alu_a<4>       |alu_out<18>    |   11.360|
alu_a<4>       |alu_out<19>    |   11.756|
alu_a<4>       |alu_out<20>    |   11.681|
alu_a<4>       |alu_out<21>    |   12.327|
alu_a<4>       |alu_out<22>    |   11.758|
alu_a<4>       |alu_out<23>    |   12.282|
alu_a<4>       |alu_out<24>    |   11.782|
alu_a<4>       |alu_out<25>    |   11.405|
alu_a<4>       |alu_out<26>    |   11.212|
alu_a<4>       |alu_out<27>    |   11.119|
alu_a<4>       |alu_out<28>    |   11.346|
alu_a<4>       |alu_out<29>    |   11.436|
alu_a<4>       |alu_out<30>    |   10.967|
alu_a<4>       |alu_out<31>    |   11.227|
alu_a<5>       |alu_out<0>     |   15.892|
alu_a<5>       |alu_out<1>     |   15.089|
alu_a<5>       |alu_out<2>     |   15.633|
alu_a<5>       |alu_out<3>     |   16.043|
alu_a<5>       |alu_out<4>     |   14.570|
alu_a<5>       |alu_out<5>     |   14.822|
alu_a<5>       |alu_out<6>     |   16.039|
alu_a<5>       |alu_out<7>     |   15.200|
alu_a<5>       |alu_out<8>     |   14.953|
alu_a<5>       |alu_out<9>     |   14.026|
alu_a<5>       |alu_out<10>    |   14.810|
alu_a<5>       |alu_out<11>    |   14.201|
alu_a<5>       |alu_out<12>    |   14.727|
alu_a<5>       |alu_out<13>    |   14.057|
alu_a<5>       |alu_out<14>    |   13.490|
alu_a<5>       |alu_out<15>    |   13.625|
alu_a<5>       |alu_out<16>    |   16.368|
alu_a<5>       |alu_out<17>    |   14.590|
alu_a<5>       |alu_out<18>    |   15.580|
alu_a<5>       |alu_out<19>    |   15.817|
alu_a<5>       |alu_out<20>    |   15.499|
alu_a<5>       |alu_out<21>    |   15.471|
alu_a<5>       |alu_out<22>    |   15.691|
alu_a<5>       |alu_out<23>    |   15.721|
alu_a<5>       |alu_out<24>    |   15.658|
alu_a<5>       |alu_out<25>    |   15.015|
alu_a<5>       |alu_out<26>    |   15.640|
alu_a<5>       |alu_out<27>    |   14.611|
alu_a<5>       |alu_out<28>    |   15.206|
alu_a<5>       |alu_out<29>    |   14.919|
alu_a<5>       |alu_out<30>    |   15.096|
alu_a<5>       |alu_out<31>    |   15.191|
alu_a<6>       |alu_out<0>     |   15.601|
alu_a<6>       |alu_out<1>     |   14.798|
alu_a<6>       |alu_out<2>     |   15.342|
alu_a<6>       |alu_out<3>     |   15.752|
alu_a<6>       |alu_out<4>     |   14.279|
alu_a<6>       |alu_out<5>     |   14.531|
alu_a<6>       |alu_out<6>     |   15.748|
alu_a<6>       |alu_out<7>     |   14.909|
alu_a<6>       |alu_out<8>     |   14.662|
alu_a<6>       |alu_out<9>     |   13.735|
alu_a<6>       |alu_out<10>    |   14.519|
alu_a<6>       |alu_out<11>    |   13.910|
alu_a<6>       |alu_out<12>    |   14.436|
alu_a<6>       |alu_out<13>    |   13.766|
alu_a<6>       |alu_out<14>    |   13.199|
alu_a<6>       |alu_out<15>    |   13.334|
alu_a<6>       |alu_out<16>    |   16.077|
alu_a<6>       |alu_out<17>    |   14.299|
alu_a<6>       |alu_out<18>    |   15.289|
alu_a<6>       |alu_out<19>    |   15.526|
alu_a<6>       |alu_out<20>    |   15.208|
alu_a<6>       |alu_out<21>    |   15.180|
alu_a<6>       |alu_out<22>    |   15.400|
alu_a<6>       |alu_out<23>    |   15.430|
alu_a<6>       |alu_out<24>    |   15.367|
alu_a<6>       |alu_out<25>    |   14.724|
alu_a<6>       |alu_out<26>    |   15.349|
alu_a<6>       |alu_out<27>    |   14.320|
alu_a<6>       |alu_out<28>    |   14.915|
alu_a<6>       |alu_out<29>    |   14.628|
alu_a<6>       |alu_out<30>    |   14.805|
alu_a<6>       |alu_out<31>    |   14.900|
alu_a<7>       |alu_out<0>     |   15.713|
alu_a<7>       |alu_out<1>     |   14.910|
alu_a<7>       |alu_out<2>     |   15.454|
alu_a<7>       |alu_out<3>     |   15.864|
alu_a<7>       |alu_out<4>     |   14.391|
alu_a<7>       |alu_out<5>     |   14.643|
alu_a<7>       |alu_out<6>     |   15.860|
alu_a<7>       |alu_out<7>     |   15.021|
alu_a<7>       |alu_out<8>     |   14.774|
alu_a<7>       |alu_out<9>     |   13.847|
alu_a<7>       |alu_out<10>    |   14.631|
alu_a<7>       |alu_out<11>    |   14.022|
alu_a<7>       |alu_out<12>    |   14.548|
alu_a<7>       |alu_out<13>    |   13.878|
alu_a<7>       |alu_out<14>    |   13.311|
alu_a<7>       |alu_out<15>    |   13.446|
alu_a<7>       |alu_out<16>    |   16.189|
alu_a<7>       |alu_out<17>    |   14.411|
alu_a<7>       |alu_out<18>    |   15.401|
alu_a<7>       |alu_out<19>    |   15.638|
alu_a<7>       |alu_out<20>    |   15.320|
alu_a<7>       |alu_out<21>    |   15.292|
alu_a<7>       |alu_out<22>    |   15.512|
alu_a<7>       |alu_out<23>    |   15.542|
alu_a<7>       |alu_out<24>    |   15.479|
alu_a<7>       |alu_out<25>    |   14.836|
alu_a<7>       |alu_out<26>    |   15.461|
alu_a<7>       |alu_out<27>    |   14.432|
alu_a<7>       |alu_out<28>    |   15.027|
alu_a<7>       |alu_out<29>    |   14.740|
alu_a<7>       |alu_out<30>    |   14.917|
alu_a<7>       |alu_out<31>    |   15.012|
alu_a<8>       |alu_out<0>     |   15.001|
alu_a<8>       |alu_out<1>     |   14.198|
alu_a<8>       |alu_out<2>     |   14.742|
alu_a<8>       |alu_out<3>     |   15.152|
alu_a<8>       |alu_out<4>     |   13.679|
alu_a<8>       |alu_out<5>     |   13.931|
alu_a<8>       |alu_out<6>     |   15.148|
alu_a<8>       |alu_out<7>     |   14.309|
alu_a<8>       |alu_out<8>     |   14.062|
alu_a<8>       |alu_out<9>     |   13.135|
alu_a<8>       |alu_out<10>    |   13.919|
alu_a<8>       |alu_out<11>    |   13.310|
alu_a<8>       |alu_out<12>    |   13.836|
alu_a<8>       |alu_out<13>    |   13.166|
alu_a<8>       |alu_out<14>    |   12.599|
alu_a<8>       |alu_out<15>    |   12.734|
alu_a<8>       |alu_out<16>    |   15.477|
alu_a<8>       |alu_out<17>    |   13.699|
alu_a<8>       |alu_out<18>    |   14.689|
alu_a<8>       |alu_out<19>    |   14.926|
alu_a<8>       |alu_out<20>    |   14.608|
alu_a<8>       |alu_out<21>    |   14.580|
alu_a<8>       |alu_out<22>    |   14.800|
alu_a<8>       |alu_out<23>    |   14.830|
alu_a<8>       |alu_out<24>    |   14.767|
alu_a<8>       |alu_out<25>    |   14.124|
alu_a<8>       |alu_out<26>    |   14.749|
alu_a<8>       |alu_out<27>    |   13.720|
alu_a<8>       |alu_out<28>    |   14.315|
alu_a<8>       |alu_out<29>    |   14.028|
alu_a<8>       |alu_out<30>    |   14.205|
alu_a<8>       |alu_out<31>    |   14.300|
alu_a<9>       |alu_out<0>     |   15.322|
alu_a<9>       |alu_out<1>     |   14.519|
alu_a<9>       |alu_out<2>     |   15.063|
alu_a<9>       |alu_out<3>     |   15.473|
alu_a<9>       |alu_out<4>     |   14.000|
alu_a<9>       |alu_out<5>     |   14.252|
alu_a<9>       |alu_out<6>     |   15.469|
alu_a<9>       |alu_out<7>     |   14.630|
alu_a<9>       |alu_out<8>     |   14.383|
alu_a<9>       |alu_out<9>     |   13.456|
alu_a<9>       |alu_out<10>    |   14.240|
alu_a<9>       |alu_out<11>    |   13.631|
alu_a<9>       |alu_out<12>    |   14.157|
alu_a<9>       |alu_out<13>    |   13.487|
alu_a<9>       |alu_out<14>    |   12.920|
alu_a<9>       |alu_out<15>    |   13.055|
alu_a<9>       |alu_out<16>    |   15.798|
alu_a<9>       |alu_out<17>    |   14.020|
alu_a<9>       |alu_out<18>    |   15.010|
alu_a<9>       |alu_out<19>    |   15.247|
alu_a<9>       |alu_out<20>    |   14.929|
alu_a<9>       |alu_out<21>    |   14.901|
alu_a<9>       |alu_out<22>    |   15.121|
alu_a<9>       |alu_out<23>    |   15.151|
alu_a<9>       |alu_out<24>    |   15.088|
alu_a<9>       |alu_out<25>    |   14.445|
alu_a<9>       |alu_out<26>    |   15.070|
alu_a<9>       |alu_out<27>    |   14.041|
alu_a<9>       |alu_out<28>    |   14.636|
alu_a<9>       |alu_out<29>    |   14.349|
alu_a<9>       |alu_out<30>    |   14.526|
alu_a<9>       |alu_out<31>    |   14.621|
alu_a<10>      |alu_out<0>     |   14.850|
alu_a<10>      |alu_out<1>     |   14.047|
alu_a<10>      |alu_out<2>     |   14.591|
alu_a<10>      |alu_out<3>     |   15.001|
alu_a<10>      |alu_out<4>     |   13.528|
alu_a<10>      |alu_out<5>     |   13.780|
alu_a<10>      |alu_out<6>     |   14.997|
alu_a<10>      |alu_out<7>     |   14.158|
alu_a<10>      |alu_out<8>     |   13.911|
alu_a<10>      |alu_out<9>     |   12.984|
alu_a<10>      |alu_out<10>    |   13.768|
alu_a<10>      |alu_out<11>    |   13.159|
alu_a<10>      |alu_out<12>    |   13.685|
alu_a<10>      |alu_out<13>    |   13.015|
alu_a<10>      |alu_out<14>    |   12.448|
alu_a<10>      |alu_out<15>    |   12.583|
alu_a<10>      |alu_out<16>    |   15.326|
alu_a<10>      |alu_out<17>    |   13.548|
alu_a<10>      |alu_out<18>    |   14.538|
alu_a<10>      |alu_out<19>    |   14.775|
alu_a<10>      |alu_out<20>    |   14.457|
alu_a<10>      |alu_out<21>    |   14.429|
alu_a<10>      |alu_out<22>    |   14.649|
alu_a<10>      |alu_out<23>    |   14.679|
alu_a<10>      |alu_out<24>    |   14.616|
alu_a<10>      |alu_out<25>    |   13.973|
alu_a<10>      |alu_out<26>    |   14.598|
alu_a<10>      |alu_out<27>    |   13.569|
alu_a<10>      |alu_out<28>    |   14.164|
alu_a<10>      |alu_out<29>    |   13.877|
alu_a<10>      |alu_out<30>    |   14.054|
alu_a<10>      |alu_out<31>    |   14.149|
alu_a<11>      |alu_out<0>     |   14.942|
alu_a<11>      |alu_out<1>     |   14.139|
alu_a<11>      |alu_out<2>     |   14.683|
alu_a<11>      |alu_out<3>     |   15.093|
alu_a<11>      |alu_out<4>     |   13.620|
alu_a<11>      |alu_out<5>     |   13.872|
alu_a<11>      |alu_out<6>     |   15.089|
alu_a<11>      |alu_out<7>     |   14.250|
alu_a<11>      |alu_out<8>     |   14.003|
alu_a<11>      |alu_out<9>     |   13.076|
alu_a<11>      |alu_out<10>    |   13.860|
alu_a<11>      |alu_out<11>    |   13.251|
alu_a<11>      |alu_out<12>    |   13.777|
alu_a<11>      |alu_out<13>    |   13.107|
alu_a<11>      |alu_out<14>    |   12.540|
alu_a<11>      |alu_out<15>    |   12.675|
alu_a<11>      |alu_out<16>    |   15.418|
alu_a<11>      |alu_out<17>    |   13.640|
alu_a<11>      |alu_out<18>    |   14.630|
alu_a<11>      |alu_out<19>    |   14.867|
alu_a<11>      |alu_out<20>    |   14.549|
alu_a<11>      |alu_out<21>    |   14.521|
alu_a<11>      |alu_out<22>    |   14.741|
alu_a<11>      |alu_out<23>    |   14.771|
alu_a<11>      |alu_out<24>    |   14.708|
alu_a<11>      |alu_out<25>    |   14.065|
alu_a<11>      |alu_out<26>    |   14.690|
alu_a<11>      |alu_out<27>    |   13.661|
alu_a<11>      |alu_out<28>    |   14.256|
alu_a<11>      |alu_out<29>    |   13.969|
alu_a<11>      |alu_out<30>    |   14.146|
alu_a<11>      |alu_out<31>    |   14.241|
alu_a<12>      |alu_out<0>     |   14.906|
alu_a<12>      |alu_out<1>     |   14.103|
alu_a<12>      |alu_out<2>     |   14.647|
alu_a<12>      |alu_out<3>     |   15.057|
alu_a<12>      |alu_out<4>     |   13.584|
alu_a<12>      |alu_out<5>     |   13.836|
alu_a<12>      |alu_out<6>     |   15.053|
alu_a<12>      |alu_out<7>     |   14.214|
alu_a<12>      |alu_out<8>     |   13.967|
alu_a<12>      |alu_out<9>     |   13.040|
alu_a<12>      |alu_out<10>    |   13.824|
alu_a<12>      |alu_out<11>    |   13.215|
alu_a<12>      |alu_out<12>    |   13.741|
alu_a<12>      |alu_out<13>    |   13.071|
alu_a<12>      |alu_out<14>    |   12.504|
alu_a<12>      |alu_out<15>    |   12.639|
alu_a<12>      |alu_out<16>    |   15.382|
alu_a<12>      |alu_out<17>    |   13.604|
alu_a<12>      |alu_out<18>    |   14.594|
alu_a<12>      |alu_out<19>    |   14.831|
alu_a<12>      |alu_out<20>    |   14.513|
alu_a<12>      |alu_out<21>    |   14.485|
alu_a<12>      |alu_out<22>    |   14.705|
alu_a<12>      |alu_out<23>    |   14.735|
alu_a<12>      |alu_out<24>    |   14.672|
alu_a<12>      |alu_out<25>    |   14.029|
alu_a<12>      |alu_out<26>    |   14.654|
alu_a<12>      |alu_out<27>    |   13.625|
alu_a<12>      |alu_out<28>    |   14.220|
alu_a<12>      |alu_out<29>    |   13.933|
alu_a<12>      |alu_out<30>    |   14.110|
alu_a<12>      |alu_out<31>    |   14.205|
alu_a<13>      |alu_out<0>     |   14.486|
alu_a<13>      |alu_out<1>     |   13.683|
alu_a<13>      |alu_out<2>     |   14.227|
alu_a<13>      |alu_out<3>     |   14.637|
alu_a<13>      |alu_out<4>     |   13.164|
alu_a<13>      |alu_out<5>     |   13.416|
alu_a<13>      |alu_out<6>     |   14.633|
alu_a<13>      |alu_out<7>     |   13.794|
alu_a<13>      |alu_out<8>     |   13.547|
alu_a<13>      |alu_out<9>     |   12.620|
alu_a<13>      |alu_out<10>    |   13.404|
alu_a<13>      |alu_out<11>    |   12.795|
alu_a<13>      |alu_out<12>    |   13.321|
alu_a<13>      |alu_out<13>    |   12.651|
alu_a<13>      |alu_out<14>    |   12.084|
alu_a<13>      |alu_out<15>    |   12.219|
alu_a<13>      |alu_out<16>    |   14.962|
alu_a<13>      |alu_out<17>    |   13.184|
alu_a<13>      |alu_out<18>    |   14.174|
alu_a<13>      |alu_out<19>    |   14.411|
alu_a<13>      |alu_out<20>    |   14.093|
alu_a<13>      |alu_out<21>    |   14.065|
alu_a<13>      |alu_out<22>    |   14.285|
alu_a<13>      |alu_out<23>    |   14.315|
alu_a<13>      |alu_out<24>    |   14.252|
alu_a<13>      |alu_out<25>    |   13.609|
alu_a<13>      |alu_out<26>    |   14.234|
alu_a<13>      |alu_out<27>    |   13.205|
alu_a<13>      |alu_out<28>    |   13.800|
alu_a<13>      |alu_out<29>    |   13.513|
alu_a<13>      |alu_out<30>    |   13.690|
alu_a<13>      |alu_out<31>    |   13.785|
alu_a<14>      |alu_out<0>     |   14.767|
alu_a<14>      |alu_out<1>     |   13.964|
alu_a<14>      |alu_out<2>     |   14.508|
alu_a<14>      |alu_out<3>     |   14.918|
alu_a<14>      |alu_out<4>     |   13.445|
alu_a<14>      |alu_out<5>     |   13.697|
alu_a<14>      |alu_out<6>     |   14.914|
alu_a<14>      |alu_out<7>     |   14.075|
alu_a<14>      |alu_out<8>     |   13.828|
alu_a<14>      |alu_out<9>     |   12.901|
alu_a<14>      |alu_out<10>    |   13.685|
alu_a<14>      |alu_out<11>    |   13.076|
alu_a<14>      |alu_out<12>    |   13.602|
alu_a<14>      |alu_out<13>    |   12.932|
alu_a<14>      |alu_out<14>    |   12.365|
alu_a<14>      |alu_out<15>    |   12.500|
alu_a<14>      |alu_out<16>    |   15.243|
alu_a<14>      |alu_out<17>    |   13.465|
alu_a<14>      |alu_out<18>    |   14.455|
alu_a<14>      |alu_out<19>    |   14.692|
alu_a<14>      |alu_out<20>    |   14.374|
alu_a<14>      |alu_out<21>    |   14.346|
alu_a<14>      |alu_out<22>    |   14.566|
alu_a<14>      |alu_out<23>    |   14.596|
alu_a<14>      |alu_out<24>    |   14.533|
alu_a<14>      |alu_out<25>    |   13.890|
alu_a<14>      |alu_out<26>    |   14.515|
alu_a<14>      |alu_out<27>    |   13.486|
alu_a<14>      |alu_out<28>    |   14.081|
alu_a<14>      |alu_out<29>    |   13.794|
alu_a<14>      |alu_out<30>    |   13.971|
alu_a<14>      |alu_out<31>    |   14.066|
alu_a<15>      |alu_out<0>     |   14.810|
alu_a<15>      |alu_out<1>     |   14.007|
alu_a<15>      |alu_out<2>     |   14.551|
alu_a<15>      |alu_out<3>     |   14.961|
alu_a<15>      |alu_out<4>     |   13.488|
alu_a<15>      |alu_out<5>     |   13.740|
alu_a<15>      |alu_out<6>     |   14.957|
alu_a<15>      |alu_out<7>     |   14.118|
alu_a<15>      |alu_out<8>     |   13.871|
alu_a<15>      |alu_out<9>     |   12.944|
alu_a<15>      |alu_out<10>    |   13.728|
alu_a<15>      |alu_out<11>    |   13.119|
alu_a<15>      |alu_out<12>    |   13.645|
alu_a<15>      |alu_out<13>    |   12.975|
alu_a<15>      |alu_out<14>    |   12.408|
alu_a<15>      |alu_out<15>    |   12.543|
alu_a<15>      |alu_out<16>    |   15.286|
alu_a<15>      |alu_out<17>    |   13.508|
alu_a<15>      |alu_out<18>    |   14.498|
alu_a<15>      |alu_out<19>    |   14.735|
alu_a<15>      |alu_out<20>    |   14.417|
alu_a<15>      |alu_out<21>    |   14.389|
alu_a<15>      |alu_out<22>    |   14.609|
alu_a<15>      |alu_out<23>    |   14.639|
alu_a<15>      |alu_out<24>    |   14.576|
alu_a<15>      |alu_out<25>    |   13.933|
alu_a<15>      |alu_out<26>    |   14.558|
alu_a<15>      |alu_out<27>    |   13.529|
alu_a<15>      |alu_out<28>    |   14.124|
alu_a<15>      |alu_out<29>    |   13.837|
alu_a<15>      |alu_out<30>    |   14.014|
alu_a<15>      |alu_out<31>    |   14.109|
alu_a<16>      |alu_out<0>     |   14.546|
alu_a<16>      |alu_out<1>     |   13.743|
alu_a<16>      |alu_out<2>     |   14.287|
alu_a<16>      |alu_out<3>     |   14.697|
alu_a<16>      |alu_out<4>     |   13.224|
alu_a<16>      |alu_out<5>     |   13.476|
alu_a<16>      |alu_out<6>     |   14.693|
alu_a<16>      |alu_out<7>     |   13.854|
alu_a<16>      |alu_out<8>     |   13.607|
alu_a<16>      |alu_out<9>     |   12.680|
alu_a<16>      |alu_out<10>    |   13.464|
alu_a<16>      |alu_out<11>    |   12.855|
alu_a<16>      |alu_out<12>    |   13.381|
alu_a<16>      |alu_out<13>    |   12.711|
alu_a<16>      |alu_out<14>    |   12.144|
alu_a<16>      |alu_out<15>    |   12.279|
alu_a<16>      |alu_out<16>    |   15.022|
alu_a<16>      |alu_out<17>    |   13.244|
alu_a<16>      |alu_out<18>    |   14.234|
alu_a<16>      |alu_out<19>    |   14.471|
alu_a<16>      |alu_out<20>    |   14.153|
alu_a<16>      |alu_out<21>    |   14.125|
alu_a<16>      |alu_out<22>    |   14.345|
alu_a<16>      |alu_out<23>    |   14.375|
alu_a<16>      |alu_out<24>    |   14.312|
alu_a<16>      |alu_out<25>    |   13.669|
alu_a<16>      |alu_out<26>    |   14.294|
alu_a<16>      |alu_out<27>    |   13.265|
alu_a<16>      |alu_out<28>    |   13.860|
alu_a<16>      |alu_out<29>    |   13.573|
alu_a<16>      |alu_out<30>    |   13.750|
alu_a<16>      |alu_out<31>    |   13.845|
alu_a<17>      |alu_out<0>     |   14.943|
alu_a<17>      |alu_out<1>     |   14.140|
alu_a<17>      |alu_out<2>     |   14.684|
alu_a<17>      |alu_out<3>     |   15.094|
alu_a<17>      |alu_out<4>     |   13.621|
alu_a<17>      |alu_out<5>     |   13.873|
alu_a<17>      |alu_out<6>     |   15.090|
alu_a<17>      |alu_out<7>     |   14.251|
alu_a<17>      |alu_out<8>     |   14.004|
alu_a<17>      |alu_out<9>     |   13.077|
alu_a<17>      |alu_out<10>    |   13.861|
alu_a<17>      |alu_out<11>    |   13.252|
alu_a<17>      |alu_out<12>    |   13.778|
alu_a<17>      |alu_out<13>    |   13.108|
alu_a<17>      |alu_out<14>    |   12.541|
alu_a<17>      |alu_out<15>    |   12.676|
alu_a<17>      |alu_out<16>    |   15.419|
alu_a<17>      |alu_out<17>    |   13.641|
alu_a<17>      |alu_out<18>    |   14.631|
alu_a<17>      |alu_out<19>    |   14.868|
alu_a<17>      |alu_out<20>    |   14.550|
alu_a<17>      |alu_out<21>    |   14.522|
alu_a<17>      |alu_out<22>    |   14.742|
alu_a<17>      |alu_out<23>    |   14.772|
alu_a<17>      |alu_out<24>    |   14.709|
alu_a<17>      |alu_out<25>    |   14.066|
alu_a<17>      |alu_out<26>    |   14.691|
alu_a<17>      |alu_out<27>    |   13.662|
alu_a<17>      |alu_out<28>    |   14.257|
alu_a<17>      |alu_out<29>    |   13.970|
alu_a<17>      |alu_out<30>    |   14.147|
alu_a<17>      |alu_out<31>    |   14.242|
alu_a<18>      |alu_out<0>     |   15.019|
alu_a<18>      |alu_out<1>     |   14.216|
alu_a<18>      |alu_out<2>     |   14.760|
alu_a<18>      |alu_out<3>     |   15.170|
alu_a<18>      |alu_out<4>     |   13.697|
alu_a<18>      |alu_out<5>     |   13.949|
alu_a<18>      |alu_out<6>     |   15.166|
alu_a<18>      |alu_out<7>     |   14.327|
alu_a<18>      |alu_out<8>     |   14.080|
alu_a<18>      |alu_out<9>     |   13.153|
alu_a<18>      |alu_out<10>    |   13.937|
alu_a<18>      |alu_out<11>    |   13.328|
alu_a<18>      |alu_out<12>    |   13.854|
alu_a<18>      |alu_out<13>    |   13.184|
alu_a<18>      |alu_out<14>    |   12.617|
alu_a<18>      |alu_out<15>    |   12.752|
alu_a<18>      |alu_out<16>    |   15.495|
alu_a<18>      |alu_out<17>    |   13.717|
alu_a<18>      |alu_out<18>    |   14.707|
alu_a<18>      |alu_out<19>    |   14.944|
alu_a<18>      |alu_out<20>    |   14.626|
alu_a<18>      |alu_out<21>    |   14.598|
alu_a<18>      |alu_out<22>    |   14.818|
alu_a<18>      |alu_out<23>    |   14.848|
alu_a<18>      |alu_out<24>    |   14.785|
alu_a<18>      |alu_out<25>    |   14.142|
alu_a<18>      |alu_out<26>    |   14.767|
alu_a<18>      |alu_out<27>    |   13.738|
alu_a<18>      |alu_out<28>    |   14.333|
alu_a<18>      |alu_out<29>    |   14.046|
alu_a<18>      |alu_out<30>    |   14.223|
alu_a<18>      |alu_out<31>    |   14.318|
alu_a<19>      |alu_out<0>     |   15.527|
alu_a<19>      |alu_out<1>     |   14.724|
alu_a<19>      |alu_out<2>     |   15.268|
alu_a<19>      |alu_out<3>     |   15.678|
alu_a<19>      |alu_out<4>     |   14.205|
alu_a<19>      |alu_out<5>     |   14.457|
alu_a<19>      |alu_out<6>     |   15.674|
alu_a<19>      |alu_out<7>     |   14.835|
alu_a<19>      |alu_out<8>     |   14.588|
alu_a<19>      |alu_out<9>     |   13.661|
alu_a<19>      |alu_out<10>    |   14.445|
alu_a<19>      |alu_out<11>    |   13.836|
alu_a<19>      |alu_out<12>    |   14.362|
alu_a<19>      |alu_out<13>    |   13.692|
alu_a<19>      |alu_out<14>    |   13.125|
alu_a<19>      |alu_out<15>    |   13.260|
alu_a<19>      |alu_out<16>    |   16.003|
alu_a<19>      |alu_out<17>    |   14.225|
alu_a<19>      |alu_out<18>    |   15.215|
alu_a<19>      |alu_out<19>    |   15.452|
alu_a<19>      |alu_out<20>    |   15.134|
alu_a<19>      |alu_out<21>    |   15.106|
alu_a<19>      |alu_out<22>    |   15.326|
alu_a<19>      |alu_out<23>    |   15.356|
alu_a<19>      |alu_out<24>    |   15.293|
alu_a<19>      |alu_out<25>    |   14.650|
alu_a<19>      |alu_out<26>    |   15.275|
alu_a<19>      |alu_out<27>    |   14.246|
alu_a<19>      |alu_out<28>    |   14.841|
alu_a<19>      |alu_out<29>    |   14.554|
alu_a<19>      |alu_out<30>    |   14.731|
alu_a<19>      |alu_out<31>    |   14.826|
alu_a<20>      |alu_out<0>     |   14.905|
alu_a<20>      |alu_out<1>     |   14.102|
alu_a<20>      |alu_out<2>     |   14.646|
alu_a<20>      |alu_out<3>     |   15.056|
alu_a<20>      |alu_out<4>     |   13.583|
alu_a<20>      |alu_out<5>     |   13.835|
alu_a<20>      |alu_out<6>     |   15.052|
alu_a<20>      |alu_out<7>     |   14.213|
alu_a<20>      |alu_out<8>     |   13.966|
alu_a<20>      |alu_out<9>     |   13.039|
alu_a<20>      |alu_out<10>    |   13.823|
alu_a<20>      |alu_out<11>    |   13.214|
alu_a<20>      |alu_out<12>    |   13.740|
alu_a<20>      |alu_out<13>    |   13.070|
alu_a<20>      |alu_out<14>    |   12.503|
alu_a<20>      |alu_out<15>    |   12.638|
alu_a<20>      |alu_out<16>    |   15.381|
alu_a<20>      |alu_out<17>    |   13.603|
alu_a<20>      |alu_out<18>    |   14.593|
alu_a<20>      |alu_out<19>    |   14.830|
alu_a<20>      |alu_out<20>    |   14.512|
alu_a<20>      |alu_out<21>    |   14.484|
alu_a<20>      |alu_out<22>    |   14.704|
alu_a<20>      |alu_out<23>    |   14.734|
alu_a<20>      |alu_out<24>    |   14.671|
alu_a<20>      |alu_out<25>    |   14.028|
alu_a<20>      |alu_out<26>    |   14.653|
alu_a<20>      |alu_out<27>    |   13.624|
alu_a<20>      |alu_out<28>    |   14.219|
alu_a<20>      |alu_out<29>    |   13.932|
alu_a<20>      |alu_out<30>    |   14.109|
alu_a<20>      |alu_out<31>    |   14.204|
alu_a<21>      |alu_out<0>     |   15.787|
alu_a<21>      |alu_out<1>     |   14.984|
alu_a<21>      |alu_out<2>     |   15.528|
alu_a<21>      |alu_out<3>     |   15.938|
alu_a<21>      |alu_out<4>     |   14.465|
alu_a<21>      |alu_out<5>     |   14.717|
alu_a<21>      |alu_out<6>     |   15.934|
alu_a<21>      |alu_out<7>     |   15.095|
alu_a<21>      |alu_out<8>     |   14.848|
alu_a<21>      |alu_out<9>     |   13.921|
alu_a<21>      |alu_out<10>    |   14.705|
alu_a<21>      |alu_out<11>    |   14.096|
alu_a<21>      |alu_out<12>    |   14.622|
alu_a<21>      |alu_out<13>    |   13.952|
alu_a<21>      |alu_out<14>    |   13.385|
alu_a<21>      |alu_out<15>    |   13.520|
alu_a<21>      |alu_out<16>    |   16.263|
alu_a<21>      |alu_out<17>    |   14.485|
alu_a<21>      |alu_out<18>    |   15.475|
alu_a<21>      |alu_out<19>    |   15.712|
alu_a<21>      |alu_out<20>    |   15.394|
alu_a<21>      |alu_out<21>    |   15.366|
alu_a<21>      |alu_out<22>    |   15.586|
alu_a<21>      |alu_out<23>    |   15.616|
alu_a<21>      |alu_out<24>    |   15.553|
alu_a<21>      |alu_out<25>    |   14.910|
alu_a<21>      |alu_out<26>    |   15.535|
alu_a<21>      |alu_out<27>    |   14.506|
alu_a<21>      |alu_out<28>    |   15.101|
alu_a<21>      |alu_out<29>    |   14.814|
alu_a<21>      |alu_out<30>    |   14.991|
alu_a<21>      |alu_out<31>    |   15.086|
alu_a<22>      |alu_out<0>     |   15.116|
alu_a<22>      |alu_out<1>     |   14.313|
alu_a<22>      |alu_out<2>     |   14.857|
alu_a<22>      |alu_out<3>     |   15.267|
alu_a<22>      |alu_out<4>     |   13.794|
alu_a<22>      |alu_out<5>     |   14.046|
alu_a<22>      |alu_out<6>     |   15.263|
alu_a<22>      |alu_out<7>     |   14.424|
alu_a<22>      |alu_out<8>     |   14.177|
alu_a<22>      |alu_out<9>     |   13.250|
alu_a<22>      |alu_out<10>    |   14.034|
alu_a<22>      |alu_out<11>    |   13.425|
alu_a<22>      |alu_out<12>    |   13.951|
alu_a<22>      |alu_out<13>    |   13.281|
alu_a<22>      |alu_out<14>    |   12.714|
alu_a<22>      |alu_out<15>    |   12.849|
alu_a<22>      |alu_out<16>    |   15.592|
alu_a<22>      |alu_out<17>    |   13.814|
alu_a<22>      |alu_out<18>    |   14.804|
alu_a<22>      |alu_out<19>    |   15.041|
alu_a<22>      |alu_out<20>    |   14.723|
alu_a<22>      |alu_out<21>    |   14.695|
alu_a<22>      |alu_out<22>    |   14.915|
alu_a<22>      |alu_out<23>    |   14.945|
alu_a<22>      |alu_out<24>    |   14.882|
alu_a<22>      |alu_out<25>    |   14.239|
alu_a<22>      |alu_out<26>    |   14.864|
alu_a<22>      |alu_out<27>    |   13.835|
alu_a<22>      |alu_out<28>    |   14.430|
alu_a<22>      |alu_out<29>    |   14.143|
alu_a<22>      |alu_out<30>    |   14.320|
alu_a<22>      |alu_out<31>    |   14.415|
alu_a<23>      |alu_out<0>     |   14.721|
alu_a<23>      |alu_out<1>     |   13.918|
alu_a<23>      |alu_out<2>     |   14.462|
alu_a<23>      |alu_out<3>     |   14.872|
alu_a<23>      |alu_out<4>     |   13.399|
alu_a<23>      |alu_out<5>     |   13.651|
alu_a<23>      |alu_out<6>     |   14.868|
alu_a<23>      |alu_out<7>     |   14.029|
alu_a<23>      |alu_out<8>     |   13.782|
alu_a<23>      |alu_out<9>     |   12.855|
alu_a<23>      |alu_out<10>    |   13.639|
alu_a<23>      |alu_out<11>    |   13.030|
alu_a<23>      |alu_out<12>    |   13.556|
alu_a<23>      |alu_out<13>    |   12.886|
alu_a<23>      |alu_out<14>    |   12.319|
alu_a<23>      |alu_out<15>    |   12.454|
alu_a<23>      |alu_out<16>    |   15.197|
alu_a<23>      |alu_out<17>    |   13.419|
alu_a<23>      |alu_out<18>    |   14.409|
alu_a<23>      |alu_out<19>    |   14.646|
alu_a<23>      |alu_out<20>    |   14.328|
alu_a<23>      |alu_out<21>    |   14.300|
alu_a<23>      |alu_out<22>    |   14.520|
alu_a<23>      |alu_out<23>    |   14.550|
alu_a<23>      |alu_out<24>    |   14.487|
alu_a<23>      |alu_out<25>    |   13.844|
alu_a<23>      |alu_out<26>    |   14.469|
alu_a<23>      |alu_out<27>    |   13.440|
alu_a<23>      |alu_out<28>    |   14.035|
alu_a<23>      |alu_out<29>    |   13.748|
alu_a<23>      |alu_out<30>    |   13.925|
alu_a<23>      |alu_out<31>    |   14.020|
alu_a<24>      |alu_out<0>     |   14.876|
alu_a<24>      |alu_out<1>     |   14.073|
alu_a<24>      |alu_out<2>     |   14.617|
alu_a<24>      |alu_out<3>     |   15.027|
alu_a<24>      |alu_out<4>     |   13.554|
alu_a<24>      |alu_out<5>     |   13.806|
alu_a<24>      |alu_out<6>     |   15.023|
alu_a<24>      |alu_out<7>     |   14.184|
alu_a<24>      |alu_out<8>     |   13.937|
alu_a<24>      |alu_out<9>     |   13.010|
alu_a<24>      |alu_out<10>    |   13.794|
alu_a<24>      |alu_out<11>    |   13.185|
alu_a<24>      |alu_out<12>    |   13.711|
alu_a<24>      |alu_out<13>    |   13.041|
alu_a<24>      |alu_out<14>    |   12.474|
alu_a<24>      |alu_out<15>    |   12.609|
alu_a<24>      |alu_out<16>    |   15.352|
alu_a<24>      |alu_out<17>    |   13.574|
alu_a<24>      |alu_out<18>    |   14.564|
alu_a<24>      |alu_out<19>    |   14.801|
alu_a<24>      |alu_out<20>    |   14.483|
alu_a<24>      |alu_out<21>    |   14.455|
alu_a<24>      |alu_out<22>    |   14.675|
alu_a<24>      |alu_out<23>    |   14.705|
alu_a<24>      |alu_out<24>    |   14.642|
alu_a<24>      |alu_out<25>    |   13.999|
alu_a<24>      |alu_out<26>    |   14.624|
alu_a<24>      |alu_out<27>    |   13.595|
alu_a<24>      |alu_out<28>    |   14.190|
alu_a<24>      |alu_out<29>    |   13.903|
alu_a<24>      |alu_out<30>    |   14.080|
alu_a<24>      |alu_out<31>    |   14.175|
alu_a<25>      |alu_out<0>     |   14.646|
alu_a<25>      |alu_out<1>     |   13.843|
alu_a<25>      |alu_out<2>     |   14.387|
alu_a<25>      |alu_out<3>     |   14.797|
alu_a<25>      |alu_out<4>     |   13.324|
alu_a<25>      |alu_out<5>     |   13.576|
alu_a<25>      |alu_out<6>     |   14.793|
alu_a<25>      |alu_out<7>     |   13.954|
alu_a<25>      |alu_out<8>     |   13.707|
alu_a<25>      |alu_out<9>     |   12.780|
alu_a<25>      |alu_out<10>    |   13.564|
alu_a<25>      |alu_out<11>    |   12.955|
alu_a<25>      |alu_out<12>    |   13.481|
alu_a<25>      |alu_out<13>    |   12.811|
alu_a<25>      |alu_out<14>    |   12.244|
alu_a<25>      |alu_out<15>    |   12.379|
alu_a<25>      |alu_out<16>    |   15.122|
alu_a<25>      |alu_out<17>    |   13.344|
alu_a<25>      |alu_out<18>    |   14.334|
alu_a<25>      |alu_out<19>    |   14.571|
alu_a<25>      |alu_out<20>    |   14.253|
alu_a<25>      |alu_out<21>    |   14.225|
alu_a<25>      |alu_out<22>    |   14.445|
alu_a<25>      |alu_out<23>    |   14.475|
alu_a<25>      |alu_out<24>    |   14.412|
alu_a<25>      |alu_out<25>    |   13.769|
alu_a<25>      |alu_out<26>    |   14.394|
alu_a<25>      |alu_out<27>    |   13.365|
alu_a<25>      |alu_out<28>    |   13.960|
alu_a<25>      |alu_out<29>    |   13.673|
alu_a<25>      |alu_out<30>    |   13.850|
alu_a<25>      |alu_out<31>    |   13.945|
alu_a<26>      |alu_out<0>     |   14.954|
alu_a<26>      |alu_out<1>     |   14.151|
alu_a<26>      |alu_out<2>     |   14.695|
alu_a<26>      |alu_out<3>     |   15.105|
alu_a<26>      |alu_out<4>     |   13.632|
alu_a<26>      |alu_out<5>     |   13.884|
alu_a<26>      |alu_out<6>     |   15.101|
alu_a<26>      |alu_out<7>     |   14.262|
alu_a<26>      |alu_out<8>     |   14.015|
alu_a<26>      |alu_out<9>     |   13.088|
alu_a<26>      |alu_out<10>    |   13.872|
alu_a<26>      |alu_out<11>    |   13.263|
alu_a<26>      |alu_out<12>    |   13.789|
alu_a<26>      |alu_out<13>    |   13.119|
alu_a<26>      |alu_out<14>    |   12.552|
alu_a<26>      |alu_out<15>    |   12.687|
alu_a<26>      |alu_out<16>    |   15.430|
alu_a<26>      |alu_out<17>    |   13.652|
alu_a<26>      |alu_out<18>    |   14.642|
alu_a<26>      |alu_out<19>    |   14.879|
alu_a<26>      |alu_out<20>    |   14.561|
alu_a<26>      |alu_out<21>    |   14.533|
alu_a<26>      |alu_out<22>    |   14.753|
alu_a<26>      |alu_out<23>    |   14.783|
alu_a<26>      |alu_out<24>    |   14.720|
alu_a<26>      |alu_out<25>    |   14.077|
alu_a<26>      |alu_out<26>    |   14.702|
alu_a<26>      |alu_out<27>    |   13.673|
alu_a<26>      |alu_out<28>    |   14.268|
alu_a<26>      |alu_out<29>    |   13.981|
alu_a<26>      |alu_out<30>    |   14.158|
alu_a<26>      |alu_out<31>    |   14.253|
alu_a<27>      |alu_out<0>     |   14.580|
alu_a<27>      |alu_out<1>     |   13.777|
alu_a<27>      |alu_out<2>     |   14.321|
alu_a<27>      |alu_out<3>     |   14.731|
alu_a<27>      |alu_out<4>     |   13.258|
alu_a<27>      |alu_out<5>     |   13.510|
alu_a<27>      |alu_out<6>     |   14.727|
alu_a<27>      |alu_out<7>     |   13.888|
alu_a<27>      |alu_out<8>     |   13.641|
alu_a<27>      |alu_out<9>     |   12.714|
alu_a<27>      |alu_out<10>    |   13.498|
alu_a<27>      |alu_out<11>    |   12.889|
alu_a<27>      |alu_out<12>    |   13.415|
alu_a<27>      |alu_out<13>    |   12.745|
alu_a<27>      |alu_out<14>    |   12.178|
alu_a<27>      |alu_out<15>    |   12.313|
alu_a<27>      |alu_out<16>    |   15.056|
alu_a<27>      |alu_out<17>    |   13.278|
alu_a<27>      |alu_out<18>    |   14.268|
alu_a<27>      |alu_out<19>    |   14.505|
alu_a<27>      |alu_out<20>    |   14.187|
alu_a<27>      |alu_out<21>    |   14.159|
alu_a<27>      |alu_out<22>    |   14.379|
alu_a<27>      |alu_out<23>    |   14.409|
alu_a<27>      |alu_out<24>    |   14.346|
alu_a<27>      |alu_out<25>    |   13.703|
alu_a<27>      |alu_out<26>    |   14.328|
alu_a<27>      |alu_out<27>    |   13.299|
alu_a<27>      |alu_out<28>    |   13.894|
alu_a<27>      |alu_out<29>    |   13.607|
alu_a<27>      |alu_out<30>    |   13.784|
alu_a<27>      |alu_out<31>    |   13.879|
alu_a<28>      |alu_out<0>     |   15.024|
alu_a<28>      |alu_out<1>     |   14.221|
alu_a<28>      |alu_out<2>     |   14.765|
alu_a<28>      |alu_out<3>     |   15.175|
alu_a<28>      |alu_out<4>     |   13.702|
alu_a<28>      |alu_out<5>     |   13.954|
alu_a<28>      |alu_out<6>     |   15.171|
alu_a<28>      |alu_out<7>     |   14.332|
alu_a<28>      |alu_out<8>     |   14.085|
alu_a<28>      |alu_out<9>     |   13.158|
alu_a<28>      |alu_out<10>    |   13.942|
alu_a<28>      |alu_out<11>    |   13.333|
alu_a<28>      |alu_out<12>    |   13.859|
alu_a<28>      |alu_out<13>    |   13.189|
alu_a<28>      |alu_out<14>    |   12.622|
alu_a<28>      |alu_out<15>    |   12.757|
alu_a<28>      |alu_out<16>    |   15.500|
alu_a<28>      |alu_out<17>    |   13.722|
alu_a<28>      |alu_out<18>    |   14.712|
alu_a<28>      |alu_out<19>    |   14.949|
alu_a<28>      |alu_out<20>    |   14.631|
alu_a<28>      |alu_out<21>    |   14.603|
alu_a<28>      |alu_out<22>    |   14.823|
alu_a<28>      |alu_out<23>    |   14.853|
alu_a<28>      |alu_out<24>    |   14.790|
alu_a<28>      |alu_out<25>    |   14.147|
alu_a<28>      |alu_out<26>    |   14.772|
alu_a<28>      |alu_out<27>    |   13.743|
alu_a<28>      |alu_out<28>    |   14.338|
alu_a<28>      |alu_out<29>    |   14.051|
alu_a<28>      |alu_out<30>    |   14.228|
alu_a<28>      |alu_out<31>    |   14.323|
alu_a<29>      |alu_out<0>     |   15.201|
alu_a<29>      |alu_out<1>     |   14.398|
alu_a<29>      |alu_out<2>     |   14.942|
alu_a<29>      |alu_out<3>     |   15.352|
alu_a<29>      |alu_out<4>     |   13.879|
alu_a<29>      |alu_out<5>     |   14.131|
alu_a<29>      |alu_out<6>     |   15.348|
alu_a<29>      |alu_out<7>     |   14.509|
alu_a<29>      |alu_out<8>     |   14.262|
alu_a<29>      |alu_out<9>     |   13.335|
alu_a<29>      |alu_out<10>    |   14.119|
alu_a<29>      |alu_out<11>    |   13.510|
alu_a<29>      |alu_out<12>    |   14.036|
alu_a<29>      |alu_out<13>    |   13.366|
alu_a<29>      |alu_out<14>    |   12.799|
alu_a<29>      |alu_out<15>    |   12.934|
alu_a<29>      |alu_out<16>    |   15.677|
alu_a<29>      |alu_out<17>    |   13.899|
alu_a<29>      |alu_out<18>    |   14.889|
alu_a<29>      |alu_out<19>    |   15.126|
alu_a<29>      |alu_out<20>    |   14.808|
alu_a<29>      |alu_out<21>    |   14.780|
alu_a<29>      |alu_out<22>    |   15.000|
alu_a<29>      |alu_out<23>    |   15.030|
alu_a<29>      |alu_out<24>    |   14.967|
alu_a<29>      |alu_out<25>    |   14.324|
alu_a<29>      |alu_out<26>    |   14.949|
alu_a<29>      |alu_out<27>    |   13.920|
alu_a<29>      |alu_out<28>    |   14.515|
alu_a<29>      |alu_out<29>    |   14.228|
alu_a<29>      |alu_out<30>    |   14.405|
alu_a<29>      |alu_out<31>    |   14.500|
alu_a<30>      |alu_out<0>     |   14.319|
alu_a<30>      |alu_out<1>     |   13.516|
alu_a<30>      |alu_out<2>     |   14.060|
alu_a<30>      |alu_out<3>     |   14.470|
alu_a<30>      |alu_out<4>     |   12.997|
alu_a<30>      |alu_out<5>     |   13.249|
alu_a<30>      |alu_out<6>     |   14.466|
alu_a<30>      |alu_out<7>     |   13.627|
alu_a<30>      |alu_out<8>     |   13.380|
alu_a<30>      |alu_out<9>     |   12.453|
alu_a<30>      |alu_out<10>    |   13.237|
alu_a<30>      |alu_out<11>    |   12.628|
alu_a<30>      |alu_out<12>    |   13.154|
alu_a<30>      |alu_out<13>    |   12.484|
alu_a<30>      |alu_out<14>    |   11.917|
alu_a<30>      |alu_out<15>    |   12.052|
alu_a<30>      |alu_out<16>    |   14.795|
alu_a<30>      |alu_out<17>    |   13.017|
alu_a<30>      |alu_out<18>    |   14.007|
alu_a<30>      |alu_out<19>    |   14.244|
alu_a<30>      |alu_out<20>    |   13.926|
alu_a<30>      |alu_out<21>    |   13.898|
alu_a<30>      |alu_out<22>    |   14.118|
alu_a<30>      |alu_out<23>    |   14.148|
alu_a<30>      |alu_out<24>    |   14.085|
alu_a<30>      |alu_out<25>    |   13.442|
alu_a<30>      |alu_out<26>    |   14.067|
alu_a<30>      |alu_out<27>    |   13.038|
alu_a<30>      |alu_out<28>    |   13.633|
alu_a<30>      |alu_out<29>    |   13.346|
alu_a<30>      |alu_out<30>    |   13.523|
alu_a<30>      |alu_out<31>    |   13.618|
alu_a<31>      |alu_out<0>     |   14.624|
alu_a<31>      |alu_out<1>     |   13.821|
alu_a<31>      |alu_out<2>     |   14.365|
alu_a<31>      |alu_out<3>     |   14.775|
alu_a<31>      |alu_out<4>     |   13.302|
alu_a<31>      |alu_out<5>     |   13.554|
alu_a<31>      |alu_out<6>     |   14.771|
alu_a<31>      |alu_out<7>     |   13.932|
alu_a<31>      |alu_out<8>     |   13.685|
alu_a<31>      |alu_out<9>     |   12.758|
alu_a<31>      |alu_out<10>    |   13.542|
alu_a<31>      |alu_out<11>    |   12.933|
alu_a<31>      |alu_out<12>    |   13.459|
alu_a<31>      |alu_out<13>    |   12.789|
alu_a<31>      |alu_out<14>    |   12.222|
alu_a<31>      |alu_out<15>    |   12.357|
alu_a<31>      |alu_out<16>    |   15.100|
alu_a<31>      |alu_out<17>    |   13.322|
alu_a<31>      |alu_out<18>    |   14.312|
alu_a<31>      |alu_out<19>    |   14.549|
alu_a<31>      |alu_out<20>    |   14.231|
alu_a<31>      |alu_out<21>    |   14.203|
alu_a<31>      |alu_out<22>    |   14.423|
alu_a<31>      |alu_out<23>    |   14.453|
alu_a<31>      |alu_out<24>    |   14.390|
alu_a<31>      |alu_out<25>    |   13.747|
alu_a<31>      |alu_out<26>    |   14.372|
alu_a<31>      |alu_out<27>    |   13.343|
alu_a<31>      |alu_out<28>    |   13.938|
alu_a<31>      |alu_out<29>    |   13.651|
alu_a<31>      |alu_out<30>    |   13.828|
alu_a<31>      |alu_out<31>    |   13.923|
alu_b<0>       |alu_out<0>     |   14.581|
alu_b<0>       |alu_out<1>     |   11.871|
alu_b<0>       |alu_out<2>     |   12.978|
alu_b<0>       |alu_out<3>     |   13.744|
alu_b<0>       |alu_out<4>     |   12.112|
alu_b<0>       |alu_out<5>     |   11.849|
alu_b<0>       |alu_out<6>     |   12.983|
alu_b<0>       |alu_out<7>     |   13.367|
alu_b<0>       |alu_out<8>     |   13.364|
alu_b<0>       |alu_out<9>     |   13.423|
alu_b<0>       |alu_out<10>    |   13.390|
alu_b<0>       |alu_out<11>    |   13.330|
alu_b<0>       |alu_out<12>    |   13.212|
alu_b<0>       |alu_out<13>    |   13.083|
alu_b<0>       |alu_out<14>    |   12.110|
alu_b<0>       |alu_out<15>    |   12.291|
alu_b<0>       |alu_out<16>    |   12.354|
alu_b<0>       |alu_out<17>    |   11.778|
alu_b<0>       |alu_out<18>    |   11.913|
alu_b<0>       |alu_out<19>    |   12.309|
alu_b<0>       |alu_out<20>    |   12.234|
alu_b<0>       |alu_out<21>    |   12.880|
alu_b<0>       |alu_out<22>    |   12.311|
alu_b<0>       |alu_out<23>    |   12.944|
alu_b<0>       |alu_out<24>    |   12.335|
alu_b<0>       |alu_out<25>    |   11.958|
alu_b<0>       |alu_out<26>    |   12.491|
alu_b<0>       |alu_out<27>    |   13.319|
alu_b<0>       |alu_out<28>    |   11.728|
alu_b<0>       |alu_out<29>    |   12.670|
alu_b<0>       |alu_out<30>    |   14.418|
alu_b<0>       |alu_out<31>    |   14.082|
alu_b<1>       |alu_out<0>     |   12.430|
alu_b<1>       |alu_out<1>     |   12.516|
alu_b<1>       |alu_out<2>     |   12.307|
alu_b<1>       |alu_out<3>     |   12.671|
alu_b<1>       |alu_out<4>     |   13.566|
alu_b<1>       |alu_out<5>     |   12.080|
alu_b<1>       |alu_out<6>     |   12.312|
alu_b<1>       |alu_out<7>     |   12.294|
alu_b<1>       |alu_out<8>     |   12.288|
alu_b<1>       |alu_out<9>     |   11.608|
alu_b<1>       |alu_out<10>    |   12.677|
alu_b<1>       |alu_out<11>    |   11.565|
alu_b<1>       |alu_out<12>    |   12.274|
alu_b<1>       |alu_out<13>    |   11.268|
alu_b<1>       |alu_out<14>    |   11.287|
alu_b<1>       |alu_out<15>    |   11.218|
alu_b<1>       |alu_out<16>    |   13.643|
alu_b<1>       |alu_out<17>    |    9.963|
alu_b<1>       |alu_out<18>    |   11.070|
alu_b<1>       |alu_out<19>    |   10.512|
alu_b<1>       |alu_out<20>    |   11.939|
alu_b<1>       |alu_out<21>    |   11.231|
alu_b<1>       |alu_out<22>    |   10.496|
alu_b<1>       |alu_out<23>    |   11.871|
alu_b<1>       |alu_out<24>    |   11.377|
alu_b<1>       |alu_out<25>    |   10.506|
alu_b<1>       |alu_out<26>    |   11.820|
alu_b<1>       |alu_out<27>    |   12.246|
alu_b<1>       |alu_out<28>    |   13.752|
alu_b<1>       |alu_out<29>    |   13.010|
alu_b<1>       |alu_out<30>    |   13.747|
alu_b<1>       |alu_out<31>    |   13.009|
alu_b<2>       |alu_out<0>     |   12.697|
alu_b<2>       |alu_out<1>     |   12.781|
alu_b<2>       |alu_out<2>     |   13.272|
alu_b<2>       |alu_out<3>     |   14.224|
alu_b<2>       |alu_out<4>     |   13.797|
alu_b<2>       |alu_out<5>     |   12.945|
alu_b<2>       |alu_out<6>     |   12.222|
alu_b<2>       |alu_out<7>     |   13.847|
alu_b<2>       |alu_out<8>     |   12.519|
alu_b<2>       |alu_out<9>     |   12.182|
alu_b<2>       |alu_out<10>    |   12.587|
alu_b<2>       |alu_out<11>    |   13.118|
alu_b<2>       |alu_out<12>    |   12.505|
alu_b<2>       |alu_out<13>    |   12.205|
alu_b<2>       |alu_out<14>    |   11.197|
alu_b<2>       |alu_out<15>    |   12.771|
alu_b<2>       |alu_out<16>    |   13.874|
alu_b<2>       |alu_out<17>    |   12.031|
alu_b<2>       |alu_out<18>    |   10.980|
alu_b<2>       |alu_out<19>    |   12.065|
alu_b<2>       |alu_out<20>    |   12.170|
alu_b<2>       |alu_out<21>    |   12.096|
alu_b<2>       |alu_out<22>    |   11.070|
alu_b<2>       |alu_out<23>    |   13.424|
alu_b<2>       |alu_out<24>    |   11.608|
alu_b<2>       |alu_out<25>    |   11.028|
alu_b<2>       |alu_out<26>    |   11.730|
alu_b<2>       |alu_out<27>    |   13.799|
alu_b<2>       |alu_out<28>    |   13.983|
alu_b<2>       |alu_out<29>    |   14.219|
alu_b<2>       |alu_out<30>    |   13.657|
alu_b<2>       |alu_out<31>    |   14.562|
alu_b<3>       |alu_out<0>     |   13.322|
alu_b<3>       |alu_out<1>     |   13.304|
alu_b<3>       |alu_out<2>     |   12.829|
alu_b<3>       |alu_out<3>     |   14.242|
alu_b<3>       |alu_out<4>     |   13.905|
alu_b<3>       |alu_out<5>     |   12.963|
alu_b<3>       |alu_out<6>     |   13.173|
alu_b<3>       |alu_out<7>     |   13.865|
alu_b<3>       |alu_out<8>     |   12.910|
alu_b<3>       |alu_out<9>     |   12.969|
alu_b<3>       |alu_out<10>    |   12.936|
alu_b<3>       |alu_out<11>    |   13.136|
alu_b<3>       |alu_out<12>    |   12.758|
alu_b<3>       |alu_out<13>    |   12.629|
alu_b<3>       |alu_out<14>    |   11.963|
alu_b<3>       |alu_out<15>    |   12.789|
alu_b<3>       |alu_out<16>    |   13.982|
alu_b<3>       |alu_out<17>    |   12.049|
alu_b<3>       |alu_out<18>    |   13.065|
alu_b<3>       |alu_out<19>    |   12.083|
alu_b<3>       |alu_out<20>    |   12.278|
alu_b<3>       |alu_out<21>    |   12.426|
alu_b<3>       |alu_out<22>    |   11.857|
alu_b<3>       |alu_out<23>    |   13.442|
alu_b<3>       |alu_out<24>    |   11.881|
alu_b<3>       |alu_out<25>    |   11.504|
alu_b<3>       |alu_out<26>    |   11.819|
alu_b<3>       |alu_out<27>    |   13.817|
alu_b<3>       |alu_out<28>    |   14.091|
alu_b<3>       |alu_out<29>    |   14.237|
alu_b<3>       |alu_out<30>    |   14.423|
alu_b<3>       |alu_out<31>    |   14.580|
alu_b<4>       |alu_out<0>     |   12.569|
alu_b<4>       |alu_out<1>     |   12.195|
alu_b<4>       |alu_out<2>     |   12.629|
alu_b<4>       |alu_out<3>     |   11.996|
alu_b<4>       |alu_out<4>     |   13.936|
alu_b<4>       |alu_out<5>     |   12.990|
alu_b<4>       |alu_out<6>     |   13.204|
alu_b<4>       |alu_out<7>     |   12.904|
alu_b<4>       |alu_out<8>     |   12.502|
alu_b<4>       |alu_out<9>     |   12.415|
alu_b<4>       |alu_out<10>    |   12.707|
alu_b<4>       |alu_out<11>    |   12.322|
alu_b<4>       |alu_out<12>    |   12.644|
alu_b<4>       |alu_out<13>    |   12.250|
alu_b<4>       |alu_out<14>    |   11.994|
alu_b<4>       |alu_out<15>    |   11.793|
alu_b<4>       |alu_out<16>    |   14.013|
alu_b<4>       |alu_out<17>    |   12.076|
alu_b<4>       |alu_out<18>    |   13.096|
alu_b<4>       |alu_out<19>    |   12.348|
alu_b<4>       |alu_out<20>    |   12.309|
alu_b<4>       |alu_out<21>    |   12.141|
alu_b<4>       |alu_out<22>    |   11.303|
alu_b<4>       |alu_out<23>    |   12.481|
alu_b<4>       |alu_out<24>    |   11.591|
alu_b<4>       |alu_out<25>    |   11.178|
alu_b<4>       |alu_out<26>    |   11.850|
alu_b<4>       |alu_out<27>    |   12.066|
alu_b<4>       |alu_out<28>    |   14.122|
alu_b<4>       |alu_out<29>    |   14.264|
alu_b<4>       |alu_out<30>    |   14.454|
alu_b<4>       |alu_out<31>    |   13.584|
alu_b<5>       |alu_out<0>     |   12.794|
alu_b<5>       |alu_out<1>     |   11.486|
alu_b<5>       |alu_out<2>     |   12.357|
alu_b<5>       |alu_out<3>     |   12.486|
alu_b<5>       |alu_out<4>     |   11.971|
alu_b<5>       |alu_out<5>     |   12.948|
alu_b<5>       |alu_out<6>     |   13.382|
alu_b<5>       |alu_out<7>     |   12.862|
alu_b<5>       |alu_out<8>     |   12.950|
alu_b<5>       |alu_out<9>     |   12.250|
alu_b<5>       |alu_out<10>    |   12.217|
alu_b<5>       |alu_out<11>    |   12.157|
alu_b<5>       |alu_out<12>    |   12.114|
alu_b<5>       |alu_out<13>    |   12.208|
alu_b<5>       |alu_out<14>    |   12.172|
alu_b<5>       |alu_out<15>    |   11.751|
alu_b<5>       |alu_out<16>    |   13.539|
alu_b<5>       |alu_out<17>    |   12.034|
alu_b<5>       |alu_out<18>    |   13.274|
alu_b<5>       |alu_out<19>    |   12.306|
alu_b<5>       |alu_out<20>    |   13.070|
alu_b<5>       |alu_out<21>    |   12.099|
alu_b<5>       |alu_out<22>    |   11.428|
alu_b<5>       |alu_out<23>    |   12.439|
alu_b<5>       |alu_out<24>    |   12.039|
alu_b<5>       |alu_out<25>    |   11.136|
alu_b<5>       |alu_out<26>    |   11.338|
alu_b<5>       |alu_out<27>    |   12.024|
alu_b<5>       |alu_out<28>    |   13.592|
alu_b<5>       |alu_out<29>    |   14.222|
alu_b<5>       |alu_out<30>    |   14.632|
alu_b<5>       |alu_out<31>    |   13.542|
alu_b<6>       |alu_out<0>     |   13.351|
alu_b<6>       |alu_out<1>     |   12.543|
alu_b<6>       |alu_out<2>     |   14.531|
alu_b<6>       |alu_out<3>     |   13.482|
alu_b<6>       |alu_out<4>     |   13.986|
alu_b<6>       |alu_out<5>     |   13.169|
alu_b<6>       |alu_out<6>     |   13.854|
alu_b<6>       |alu_out<7>     |   13.590|
alu_b<6>       |alu_out<8>     |   13.109|
alu_b<6>       |alu_out<9>     |   12.732|
alu_b<6>       |alu_out<10>    |   12.354|
alu_b<6>       |alu_out<11>    |   12.183|
alu_b<6>       |alu_out<12>    |   12.273|
alu_b<6>       |alu_out<13>    |   12.270|
alu_b<6>       |alu_out<14>    |   12.331|
alu_b<6>       |alu_out<15>    |   12.479|
alu_b<6>       |alu_out<16>    |   13.698|
alu_b<6>       |alu_out<17>    |   12.239|
alu_b<6>       |alu_out<18>    |   13.433|
alu_b<6>       |alu_out<19>    |   13.034|
alu_b<6>       |alu_out<20>    |   13.229|
alu_b<6>       |alu_out<21>    |   12.819|
alu_b<6>       |alu_out<22>    |   11.587|
alu_b<6>       |alu_out<23>    |   13.167|
alu_b<6>       |alu_out<24>    |   12.198|
alu_b<6>       |alu_out<25>    |   12.049|
alu_b<6>       |alu_out<26>    |   11.497|
alu_b<6>       |alu_out<27>    |   12.377|
alu_b<6>       |alu_out<28>    |   13.751|
alu_b<6>       |alu_out<29>    |   14.284|
alu_b<6>       |alu_out<30>    |   14.791|
alu_b<6>       |alu_out<31>    |   14.270|
alu_b<7>       |alu_out<0>     |   12.969|
alu_b<7>       |alu_out<1>     |   12.667|
alu_b<7>       |alu_out<2>     |   13.120|
alu_b<7>       |alu_out<3>     |   13.321|
alu_b<7>       |alu_out<4>     |   12.575|
alu_b<7>       |alu_out<5>     |   13.293|
alu_b<7>       |alu_out<6>     |   12.443|
alu_b<7>       |alu_out<7>     |   13.025|
alu_b<7>       |alu_out<8>     |   13.007|
alu_b<7>       |alu_out<9>     |   12.167|
alu_b<7>       |alu_out<10>    |   13.124|
alu_b<7>       |alu_out<11>    |   11.780|
alu_b<7>       |alu_out<12>    |   12.171|
alu_b<7>       |alu_out<13>    |   11.705|
alu_b<7>       |alu_out<14>    |   11.422|
alu_b<7>       |alu_out<15>    |   11.914|
alu_b<7>       |alu_out<16>    |   13.596|
alu_b<7>       |alu_out<17>    |   11.674|
alu_b<7>       |alu_out<18>    |   12.287|
alu_b<7>       |alu_out<19>    |   12.469|
alu_b<7>       |alu_out<20>    |   13.127|
alu_b<7>       |alu_out<21>    |   12.254|
alu_b<7>       |alu_out<22>    |   12.268|
alu_b<7>       |alu_out<23>    |   12.602|
alu_b<7>       |alu_out<24>    |   12.096|
alu_b<7>       |alu_out<25>    |   11.484|
alu_b<7>       |alu_out<26>    |   12.267|
alu_b<7>       |alu_out<27>    |   11.812|
alu_b<7>       |alu_out<28>    |   13.649|
alu_b<7>       |alu_out<29>    |   13.719|
alu_b<7>       |alu_out<30>    |   13.882|
alu_b<7>       |alu_out<31>    |   13.705|
alu_b<8>       |alu_out<0>     |   13.334|
alu_b<8>       |alu_out<1>     |   13.968|
alu_b<8>       |alu_out<2>     |   14.782|
alu_b<8>       |alu_out<3>     |   14.622|
alu_b<8>       |alu_out<4>     |   14.031|
alu_b<8>       |alu_out<5>     |   14.594|
alu_b<8>       |alu_out<6>     |   14.105|
alu_b<8>       |alu_out<7>     |   13.953|
alu_b<8>       |alu_out<8>     |   14.948|
alu_b<8>       |alu_out<9>     |   13.219|
alu_b<8>       |alu_out<10>    |   13.420|
alu_b<8>       |alu_out<11>    |   12.946|
alu_b<8>       |alu_out<12>    |   12.467|
alu_b<8>       |alu_out<13>    |   12.757|
alu_b<8>       |alu_out<14>    |   11.718|
alu_b<8>       |alu_out<15>    |   12.248|
alu_b<8>       |alu_out<16>    |   13.892|
alu_b<8>       |alu_out<17>    |   12.726|
alu_b<8>       |alu_out<18>    |   12.583|
alu_b<8>       |alu_out<19>    |   12.908|
alu_b<8>       |alu_out<20>    |   13.423|
alu_b<8>       |alu_out<21>    |   13.306|
alu_b<8>       |alu_out<22>    |   12.564|
alu_b<8>       |alu_out<23>    |   12.683|
alu_b<8>       |alu_out<24>    |   12.392|
alu_b<8>       |alu_out<25>    |   12.536|
alu_b<8>       |alu_out<26>    |   12.563|
alu_b<8>       |alu_out<27>    |   13.627|
alu_b<8>       |alu_out<28>    |   13.945|
alu_b<8>       |alu_out<29>    |   14.771|
alu_b<8>       |alu_out<30>    |   14.178|
alu_b<8>       |alu_out<31>    |   14.039|
alu_b<9>       |alu_out<0>     |   13.080|
alu_b<9>       |alu_out<1>     |   12.613|
alu_b<9>       |alu_out<2>     |   13.986|
alu_b<9>       |alu_out<3>     |   13.124|
alu_b<9>       |alu_out<4>     |   13.235|
alu_b<9>       |alu_out<5>     |   13.191|
alu_b<9>       |alu_out<6>     |   13.309|
alu_b<9>       |alu_out<7>     |   12.455|
alu_b<9>       |alu_out<8>     |   14.152|
alu_b<9>       |alu_out<9>     |   12.762|
alu_b<9>       |alu_out<10>    |   12.960|
alu_b<9>       |alu_out<11>    |   12.900|
alu_b<9>       |alu_out<12>    |   12.782|
alu_b<9>       |alu_out<13>    |   12.653|
alu_b<9>       |alu_out<14>    |   11.680|
alu_b<9>       |alu_out<15>    |   11.609|
alu_b<9>       |alu_out<16>    |   12.214|
alu_b<9>       |alu_out<17>    |   11.979|
alu_b<9>       |alu_out<18>    |   11.932|
alu_b<9>       |alu_out<19>    |   12.161|
alu_b<9>       |alu_out<20>    |   11.804|
alu_b<9>       |alu_out<21>    |   12.559|
alu_b<9>       |alu_out<22>    |   11.913|
alu_b<9>       |alu_out<23>    |   12.405|
alu_b<9>       |alu_out<24>    |   11.905|
alu_b<9>       |alu_out<25>    |   11.789|
alu_b<9>       |alu_out<26>    |   11.912|
alu_b<9>       |alu_out<27>    |   12.880|
alu_b<9>       |alu_out<28>    |   12.821|
alu_b<9>       |alu_out<29>    |   14.024|
alu_b<9>       |alu_out<30>    |   13.527|
alu_b<9>       |alu_out<31>    |   13.292|
alu_b<10>      |alu_out<0>     |   12.730|
alu_b<10>      |alu_out<1>     |   14.259|
alu_b<10>      |alu_out<2>     |   14.849|
alu_b<10>      |alu_out<3>     |   14.770|
alu_b<10>      |alu_out<4>     |   13.427|
alu_b<10>      |alu_out<5>     |   14.837|
alu_b<10>      |alu_out<6>     |   14.197|
alu_b<10>      |alu_out<7>     |   14.101|
alu_b<10>      |alu_out<8>     |   14.344|
alu_b<10>      |alu_out<9>     |   14.408|
alu_b<10>      |alu_out<10>    |   15.242|
alu_b<10>      |alu_out<11>    |   13.436|
alu_b<10>      |alu_out<12>    |   13.816|
alu_b<10>      |alu_out<13>    |   13.274|
alu_b<10>      |alu_out<14>    |   13.540|
alu_b<10>      |alu_out<15>    |   12.738|
alu_b<10>      |alu_out<16>    |   14.687|
alu_b<10>      |alu_out<17>    |   12.845|
alu_b<10>      |alu_out<18>    |   14.405|
alu_b<10>      |alu_out<19>    |   13.398|
alu_b<10>      |alu_out<20>    |   14.068|
alu_b<10>      |alu_out<21>    |   13.497|
alu_b<10>      |alu_out<22>    |   14.386|
alu_b<10>      |alu_out<23>    |   13.173|
alu_b<10>      |alu_out<24>    |   13.496|
alu_b<10>      |alu_out<25>    |   12.663|
alu_b<10>      |alu_out<26>    |   14.385|
alu_b<10>      |alu_out<27>    |   14.117|
alu_b<10>      |alu_out<28>    |   15.294|
alu_b<10>      |alu_out<29>    |   15.288|
alu_b<10>      |alu_out<30>    |   16.000|
alu_b<10>      |alu_out<31>    |   14.529|
alu_b<11>      |alu_out<0>     |   13.139|
alu_b<11>      |alu_out<1>     |   12.684|
alu_b<11>      |alu_out<2>     |   15.207|
alu_b<11>      |alu_out<3>     |   13.700|
alu_b<11>      |alu_out<4>     |   13.785|
alu_b<11>      |alu_out<5>     |   13.262|
alu_b<11>      |alu_out<6>     |   14.555|
alu_b<11>      |alu_out<7>     |   13.016|
alu_b<11>      |alu_out<8>     |   14.702|
alu_b<11>      |alu_out<9>     |   12.833|
alu_b<11>      |alu_out<10>    |   14.697|
alu_b<11>      |alu_out<11>    |   13.011|
alu_b<11>      |alu_out<12>    |   13.425|
alu_b<11>      |alu_out<13>    |   12.548|
alu_b<11>      |alu_out<14>    |   13.219|
alu_b<11>      |alu_out<15>    |   12.012|
alu_b<11>      |alu_out<16>    |   14.296|
alu_b<11>      |alu_out<17>    |   12.119|
alu_b<11>      |alu_out<18>    |   14.343|
alu_b<11>      |alu_out<19>    |   12.672|
alu_b<11>      |alu_out<20>    |   13.677|
alu_b<11>      |alu_out<21>    |   12.771|
alu_b<11>      |alu_out<22>    |   12.961|
alu_b<11>      |alu_out<23>    |   12.447|
alu_b<11>      |alu_out<24>    |   13.105|
alu_b<11>      |alu_out<25>    |   11.937|
alu_b<11>      |alu_out<26>    |   12.240|
alu_b<11>      |alu_out<27>    |   13.391|
alu_b<11>      |alu_out<28>    |   14.903|
alu_b<11>      |alu_out<29>    |   14.562|
alu_b<11>      |alu_out<30>    |   15.679|
alu_b<11>      |alu_out<31>    |   13.803|
alu_b<12>      |alu_out<0>     |   12.381|
alu_b<12>      |alu_out<1>     |   11.964|
alu_b<12>      |alu_out<2>     |   13.338|
alu_b<12>      |alu_out<3>     |   12.980|
alu_b<12>      |alu_out<4>     |   12.475|
alu_b<12>      |alu_out<5>     |   12.542|
alu_b<12>      |alu_out<6>     |   12.686|
alu_b<12>      |alu_out<7>     |   12.296|
alu_b<12>      |alu_out<8>     |   13.133|
alu_b<12>      |alu_out<9>     |   12.113|
alu_b<12>      |alu_out<10>    |   12.828|
alu_b<12>      |alu_out<11>    |   12.291|
alu_b<12>      |alu_out<12>    |   12.821|
alu_b<12>      |alu_out<13>    |   12.633|
alu_b<12>      |alu_out<14>    |   12.281|
alu_b<12>      |alu_out<15>    |   11.875|
alu_b<12>      |alu_out<16>    |   13.358|
alu_b<12>      |alu_out<17>    |   12.204|
alu_b<12>      |alu_out<18>    |   13.405|
alu_b<12>      |alu_out<19>    |   12.441|
alu_b<12>      |alu_out<20>    |   12.739|
alu_b<12>      |alu_out<21>    |   12.856|
alu_b<12>      |alu_out<22>    |   12.023|
alu_b<12>      |alu_out<23>    |   11.887|
alu_b<12>      |alu_out<24>    |   12.167|
alu_b<12>      |alu_out<25>    |   12.022|
alu_b<12>      |alu_out<26>    |   11.302|
alu_b<12>      |alu_out<27>    |   11.666|
alu_b<12>      |alu_out<28>    |   13.965|
alu_b<12>      |alu_out<29>    |   14.647|
alu_b<12>      |alu_out<30>    |   14.741|
alu_b<12>      |alu_out<31>    |   13.666|
alu_b<13>      |alu_out<0>     |   14.005|
alu_b<13>      |alu_out<1>     |   12.686|
alu_b<13>      |alu_out<2>     |   13.862|
alu_b<13>      |alu_out<3>     |   13.045|
alu_b<13>      |alu_out<4>     |   12.999|
alu_b<13>      |alu_out<5>     |   13.241|
alu_b<13>      |alu_out<6>     |   13.210|
alu_b<13>      |alu_out<7>     |   12.361|
alu_b<13>      |alu_out<8>     |   13.657|
alu_b<13>      |alu_out<9>     |   12.696|
alu_b<13>      |alu_out<10>    |   13.352|
alu_b<13>      |alu_out<11>    |   12.356|
alu_b<13>      |alu_out<12>    |   13.345|
alu_b<13>      |alu_out<13>    |   13.023|
alu_b<13>      |alu_out<14>    |   13.171|
alu_b<13>      |alu_out<15>    |   12.231|
alu_b<13>      |alu_out<16>    |   14.072|
alu_b<13>      |alu_out<17>    |   12.560|
alu_b<13>      |alu_out<18>    |   14.295|
alu_b<13>      |alu_out<19>    |   12.797|
alu_b<13>      |alu_out<20>    |   13.304|
alu_b<13>      |alu_out<21>    |   13.212|
alu_b<13>      |alu_out<22>    |   12.913|
alu_b<13>      |alu_out<23>    |   12.243|
alu_b<13>      |alu_out<24>    |   12.706|
alu_b<13>      |alu_out<25>    |   12.378|
alu_b<13>      |alu_out<26>    |   12.192|
alu_b<13>      |alu_out<27>    |   12.022|
alu_b<13>      |alu_out<28>    |   13.263|
alu_b<13>      |alu_out<29>    |   15.003|
alu_b<13>      |alu_out<30>    |   15.631|
alu_b<13>      |alu_out<31>    |   14.022|
alu_b<14>      |alu_out<0>     |   13.184|
alu_b<14>      |alu_out<1>     |   13.315|
alu_b<14>      |alu_out<2>     |   14.562|
alu_b<14>      |alu_out<3>     |   13.674|
alu_b<14>      |alu_out<4>     |   13.583|
alu_b<14>      |alu_out<5>     |   13.870|
alu_b<14>      |alu_out<6>     |   13.780|
alu_b<14>      |alu_out<7>     |   12.990|
alu_b<14>      |alu_out<8>     |   14.241|
alu_b<14>      |alu_out<9>     |   13.325|
alu_b<14>      |alu_out<10>    |   13.950|
alu_b<14>      |alu_out<11>    |   12.985|
alu_b<14>      |alu_out<12>    |   13.929|
alu_b<14>      |alu_out<13>    |   13.652|
alu_b<14>      |alu_out<14>    |   13.519|
alu_b<14>      |alu_out<15>    |   13.538|
alu_b<14>      |alu_out<16>    |   14.408|
alu_b<14>      |alu_out<17>    |   13.565|
alu_b<14>      |alu_out<18>    |   14.631|
alu_b<14>      |alu_out<19>    |   14.104|
alu_b<14>      |alu_out<20>    |   13.640|
alu_b<14>      |alu_out<21>    |   14.116|
alu_b<14>      |alu_out<22>    |   13.249|
alu_b<14>      |alu_out<23>    |   13.550|
alu_b<14>      |alu_out<24>    |   13.042|
alu_b<14>      |alu_out<25>    |   13.339|
alu_b<14>      |alu_out<26>    |   12.528|
alu_b<14>      |alu_out<27>    |   13.329|
alu_b<14>      |alu_out<28>    |   13.599|
alu_b<14>      |alu_out<29>    |   13.153|
alu_b<14>      |alu_out<30>    |   15.967|
alu_b<14>      |alu_out<31>    |   15.329|
alu_b<15>      |alu_out<0>     |   12.870|
alu_b<15>      |alu_out<1>     |   12.432|
alu_b<15>      |alu_out<2>     |   13.956|
alu_b<15>      |alu_out<3>     |   12.771|
alu_b<15>      |alu_out<4>     |   12.977|
alu_b<15>      |alu_out<5>     |   12.987|
alu_b<15>      |alu_out<6>     |   13.174|
alu_b<15>      |alu_out<7>     |   12.339|
alu_b<15>      |alu_out<8>     |   13.635|
alu_b<15>      |alu_out<9>     |   12.442|
alu_b<15>      |alu_out<10>    |   13.344|
alu_b<15>      |alu_out<11>    |   12.034|
alu_b<15>      |alu_out<12>    |   13.323|
alu_b<15>      |alu_out<13>    |   12.769|
alu_b<15>      |alu_out<14>    |   12.913|
alu_b<15>      |alu_out<15>    |   12.686|
alu_b<15>      |alu_out<16>    |   13.224|
alu_b<15>      |alu_out<17>    |   12.713|
alu_b<15>      |alu_out<18>    |   12.945|
alu_b<15>      |alu_out<19>    |   13.252|
alu_b<15>      |alu_out<20>    |   12.456|
alu_b<15>      |alu_out<21>    |   13.264|
alu_b<15>      |alu_out<22>    |   11.849|
alu_b<15>      |alu_out<23>    |   12.698|
alu_b<15>      |alu_out<24>    |   11.858|
alu_b<15>      |alu_out<25>    |   12.487|
alu_b<15>      |alu_out<26>    |   11.150|
alu_b<15>      |alu_out<27>    |   12.477|
alu_b<15>      |alu_out<28>    |   12.415|
alu_b<15>      |alu_out<29>    |   12.301|
alu_b<15>      |alu_out<30>    |   11.334|
alu_b<15>      |alu_out<31>    |   14.477|
alu_b<16>      |alu_out<0>     |   15.979|
alu_b<16>      |alu_out<1>     |   13.402|
alu_b<16>      |alu_out<2>     |   14.403|
alu_b<16>      |alu_out<3>     |   13.741|
alu_b<16>      |alu_out<4>     |   13.451|
alu_b<16>      |alu_out<5>     |   13.957|
alu_b<16>      |alu_out<6>     |   13.621|
alu_b<16>      |alu_out<7>     |   13.309|
alu_b<16>      |alu_out<8>     |   14.549|
alu_b<16>      |alu_out<9>     |   13.412|
alu_b<16>      |alu_out<10>    |   13.791|
alu_b<16>      |alu_out<11>    |   13.004|
alu_b<16>      |alu_out<12>    |   13.723|
alu_b<16>      |alu_out<13>    |   13.739|
alu_b<16>      |alu_out<14>    |   13.360|
alu_b<16>      |alu_out<15>    |   12.254|
alu_b<16>      |alu_out<16>    |   14.144|
alu_b<16>      |alu_out<17>    |   13.010|
alu_b<16>      |alu_out<18>    |   13.865|
alu_b<16>      |alu_out<19>    |   13.081|
alu_b<16>      |alu_out<20>    |   13.376|
alu_b<16>      |alu_out<21>    |   13.561|
alu_b<16>      |alu_out<22>    |   12.769|
alu_b<16>      |alu_out<23>    |   13.045|
alu_b<16>      |alu_out<24>    |   12.778|
alu_b<16>      |alu_out<25>    |   12.784|
alu_b<16>      |alu_out<26>    |   12.070|
alu_b<16>      |alu_out<27>    |   12.539|
alu_b<16>      |alu_out<28>    |   13.335|
alu_b<16>      |alu_out<29>    |   12.598|
alu_b<16>      |alu_out<30>    |   12.254|
alu_b<16>      |alu_out<31>    |   12.659|
alu_b<17>      |alu_out<0>     |   15.841|
alu_b<17>      |alu_out<1>     |   13.832|
alu_b<17>      |alu_out<2>     |   14.265|
alu_b<17>      |alu_out<3>     |   13.895|
alu_b<17>      |alu_out<4>     |   13.313|
alu_b<17>      |alu_out<5>     |   13.929|
alu_b<17>      |alu_out<6>     |   13.483|
alu_b<17>      |alu_out<7>     |   13.463|
alu_b<17>      |alu_out<8>     |   14.411|
alu_b<17>      |alu_out<9>     |   14.278|
alu_b<17>      |alu_out<10>    |   13.653|
alu_b<17>      |alu_out<11>    |   13.158|
alu_b<17>      |alu_out<12>    |   13.585|
alu_b<17>      |alu_out<13>    |   13.862|
alu_b<17>      |alu_out<14>    |   13.222|
alu_b<17>      |alu_out<15>    |   12.408|
alu_b<17>      |alu_out<16>    |   13.880|
alu_b<17>      |alu_out<17>    |   13.091|
alu_b<17>      |alu_out<18>    |   14.149|
alu_b<17>      |alu_out<19>    |   12.993|
alu_b<17>      |alu_out<20>    |   13.104|
alu_b<17>      |alu_out<21>    |   13.473|
alu_b<17>      |alu_out<22>    |   13.053|
alu_b<17>      |alu_out<23>    |   12.957|
alu_b<17>      |alu_out<24>    |   12.188|
alu_b<17>      |alu_out<25>    |   12.696|
alu_b<17>      |alu_out<26>    |   12.354|
alu_b<17>      |alu_out<27>    |   12.451|
alu_b<17>      |alu_out<28>    |   12.478|
alu_b<17>      |alu_out<29>    |   12.510|
alu_b<17>      |alu_out<30>    |   12.538|
alu_b<17>      |alu_out<31>    |   12.571|
alu_b<18>      |alu_out<0>     |   16.196|
alu_b<18>      |alu_out<1>     |   13.789|
alu_b<18>      |alu_out<2>     |   14.488|
alu_b<18>      |alu_out<3>     |   13.852|
alu_b<18>      |alu_out<4>     |   13.668|
alu_b<18>      |alu_out<5>     |   13.886|
alu_b<18>      |alu_out<6>     |   14.405|
alu_b<18>      |alu_out<7>     |   13.420|
alu_b<18>      |alu_out<8>     |   14.766|
alu_b<18>      |alu_out<9>     |   14.235|
alu_b<18>      |alu_out<10>    |   13.895|
alu_b<18>      |alu_out<11>    |   13.115|
alu_b<18>      |alu_out<12>    |   13.940|
alu_b<18>      |alu_out<13>    |   13.819|
alu_b<18>      |alu_out<14>    |   13.597|
alu_b<18>      |alu_out<15>    |   12.365|
alu_b<18>      |alu_out<16>    |   14.235|
alu_b<18>      |alu_out<17>    |   13.048|
alu_b<18>      |alu_out<18>    |   14.436|
alu_b<18>      |alu_out<19>    |   13.168|
alu_b<18>      |alu_out<20>    |   13.391|
alu_b<18>      |alu_out<21>    |   13.381|
alu_b<18>      |alu_out<22>    |   13.340|
alu_b<18>      |alu_out<23>    |   13.132|
alu_b<18>      |alu_out<24>    |   12.475|
alu_b<18>      |alu_out<25>    |   12.444|
alu_b<18>      |alu_out<26>    |   12.641|
alu_b<18>      |alu_out<27>    |   12.626|
alu_b<18>      |alu_out<28>    |   12.765|
alu_b<18>      |alu_out<29>    |   12.562|
alu_b<18>      |alu_out<30>    |   12.825|
alu_b<18>      |alu_out<31>    |   12.746|
alu_b<19>      |alu_out<0>     |   15.573|
alu_b<19>      |alu_out<1>     |   13.505|
alu_b<19>      |alu_out<2>     |   13.865|
alu_b<19>      |alu_out<3>     |   14.844|
alu_b<19>      |alu_out<4>     |   13.045|
alu_b<19>      |alu_out<5>     |   13.602|
alu_b<19>      |alu_out<6>     |   13.782|
alu_b<19>      |alu_out<7>     |   13.149|
alu_b<19>      |alu_out<8>     |   14.143|
alu_b<19>      |alu_out<9>     |   13.951|
alu_b<19>      |alu_out<10>    |   13.272|
alu_b<19>      |alu_out<11>    |   13.127|
alu_b<19>      |alu_out<12>    |   13.317|
alu_b<19>      |alu_out<13>    |   13.535|
alu_b<19>      |alu_out<14>    |   12.974|
alu_b<19>      |alu_out<15>    |   12.553|
alu_b<19>      |alu_out<16>    |   13.612|
alu_b<19>      |alu_out<17>    |   12.764|
alu_b<19>      |alu_out<18>    |   12.294|
alu_b<19>      |alu_out<19>    |   13.541|
alu_b<19>      |alu_out<20>    |   13.155|
alu_b<19>      |alu_out<21>    |   12.585|
alu_b<19>      |alu_out<22>    |   13.157|
alu_b<19>      |alu_out<23>    |   12.336|
alu_b<19>      |alu_out<24>    |   12.239|
alu_b<19>      |alu_out<25>    |   11.648|
alu_b<19>      |alu_out<26>    |   12.273|
alu_b<19>      |alu_out<27>    |   11.830|
alu_b<19>      |alu_out<28>    |   12.529|
alu_b<19>      |alu_out<29>    |   11.766|
alu_b<19>      |alu_out<30>    |   12.704|
alu_b<19>      |alu_out<31>    |   11.950|
alu_b<20>      |alu_out<0>     |   15.787|
alu_b<20>      |alu_out<1>     |   13.672|
alu_b<20>      |alu_out<2>     |   14.328|
alu_b<20>      |alu_out<3>     |   15.011|
alu_b<20>      |alu_out<4>     |   13.333|
alu_b<20>      |alu_out<5>     |   13.769|
alu_b<20>      |alu_out<6>     |   14.245|
alu_b<20>      |alu_out<7>     |   13.316|
alu_b<20>      |alu_out<8>     |   14.977|
alu_b<20>      |alu_out<9>     |   14.118|
alu_b<20>      |alu_out<10>    |   13.735|
alu_b<20>      |alu_out<11>    |   13.294|
alu_b<20>      |alu_out<12>    |   13.884|
alu_b<20>      |alu_out<13>    |   13.702|
alu_b<20>      |alu_out<14>    |   13.437|
alu_b<20>      |alu_out<15>    |   12.720|
alu_b<20>      |alu_out<16>    |   13.826|
alu_b<20>      |alu_out<17>    |   12.931|
alu_b<20>      |alu_out<18>    |   12.757|
alu_b<20>      |alu_out<19>    |   13.708|
alu_b<20>      |alu_out<20>    |   13.295|
alu_b<20>      |alu_out<21>    |   13.636|
alu_b<20>      |alu_out<22>    |   13.297|
alu_b<20>      |alu_out<23>    |   12.316|
alu_b<20>      |alu_out<24>    |   12.379|
alu_b<20>      |alu_out<25>    |   12.699|
alu_b<20>      |alu_out<26>    |   12.413|
alu_b<20>      |alu_out<27>    |   11.937|
alu_b<20>      |alu_out<28>    |   12.669|
alu_b<20>      |alu_out<29>    |   12.817|
alu_b<20>      |alu_out<30>    |   12.844|
alu_b<20>      |alu_out<31>    |   13.014|
alu_b<21>      |alu_out<0>     |   16.502|
alu_b<21>      |alu_out<1>     |   14.338|
alu_b<21>      |alu_out<2>     |   15.043|
alu_b<21>      |alu_out<3>     |   15.684|
alu_b<21>      |alu_out<4>     |   14.048|
alu_b<21>      |alu_out<5>     |   14.790|
alu_b<21>      |alu_out<6>     |   14.960|
alu_b<21>      |alu_out<7>     |   13.989|
alu_b<21>      |alu_out<8>     |   15.692|
alu_b<21>      |alu_out<9>     |   15.500|
alu_b<21>      |alu_out<10>    |   14.450|
alu_b<21>      |alu_out<11>    |   13.967|
alu_b<21>      |alu_out<12>    |   14.599|
alu_b<21>      |alu_out<13>    |   14.549|
alu_b<21>      |alu_out<14>    |   14.152|
alu_b<21>      |alu_out<15>    |   13.393|
alu_b<21>      |alu_out<16>    |   14.541|
alu_b<21>      |alu_out<17>    |   13.597|
alu_b<21>      |alu_out<18>    |   13.472|
alu_b<21>      |alu_out<19>    |   14.381|
alu_b<21>      |alu_out<20>    |   13.570|
alu_b<21>      |alu_out<21>    |   14.378|
alu_b<21>      |alu_out<22>    |   13.768|
alu_b<21>      |alu_out<23>    |   13.058|
alu_b<21>      |alu_out<24>    |   13.082|
alu_b<21>      |alu_out<25>    |   13.441|
alu_b<21>      |alu_out<26>    |   12.884|
alu_b<21>      |alu_out<27>    |   12.679|
alu_b<21>      |alu_out<28>    |   12.907|
alu_b<21>      |alu_out<29>    |   13.559|
alu_b<21>      |alu_out<30>    |   13.315|
alu_b<21>      |alu_out<31>    |   13.756|
alu_b<22>      |alu_out<0>     |   16.673|
alu_b<22>      |alu_out<1>     |   14.129|
alu_b<22>      |alu_out<2>     |   15.382|
alu_b<22>      |alu_out<3>     |   15.475|
alu_b<22>      |alu_out<4>     |   14.219|
alu_b<22>      |alu_out<5>     |   14.581|
alu_b<22>      |alu_out<6>     |   14.732|
alu_b<22>      |alu_out<7>     |   13.780|
alu_b<22>      |alu_out<8>     |   15.863|
alu_b<22>      |alu_out<9>     |   15.291|
alu_b<22>      |alu_out<10>    |   15.322|
alu_b<22>      |alu_out<11>    |   13.758|
alu_b<22>      |alu_out<12>    |   14.770|
alu_b<22>      |alu_out<13>    |   14.340|
alu_b<22>      |alu_out<14>    |   14.186|
alu_b<22>      |alu_out<15>    |   13.184|
alu_b<22>      |alu_out<16>    |   14.712|
alu_b<22>      |alu_out<17>    |   13.388|
alu_b<22>      |alu_out<18>    |   13.811|
alu_b<22>      |alu_out<19>    |   14.172|
alu_b<22>      |alu_out<20>    |   13.741|
alu_b<22>      |alu_out<21>    |   14.169|
alu_b<22>      |alu_out<22>    |   14.255|
alu_b<22>      |alu_out<23>    |   13.864|
alu_b<22>      |alu_out<24>    |   13.569|
alu_b<22>      |alu_out<25>    |   13.353|
alu_b<22>      |alu_out<26>    |   13.371|
alu_b<22>      |alu_out<27>    |   13.485|
alu_b<22>      |alu_out<28>    |   13.394|
alu_b<22>      |alu_out<29>    |   13.701|
alu_b<22>      |alu_out<30>    |   13.802|
alu_b<22>      |alu_out<31>    |   14.562|
alu_b<23>      |alu_out<0>     |   16.442|
alu_b<23>      |alu_out<1>     |   13.953|
alu_b<23>      |alu_out<2>     |   15.151|
alu_b<23>      |alu_out<3>     |   15.458|
alu_b<23>      |alu_out<4>     |   13.988|
alu_b<23>      |alu_out<5>     |   14.405|
alu_b<23>      |alu_out<6>     |   14.501|
alu_b<23>      |alu_out<7>     |   14.462|
alu_b<23>      |alu_out<8>     |   15.632|
alu_b<23>      |alu_out<9>     |   15.115|
alu_b<23>      |alu_out<10>    |   15.091|
alu_b<23>      |alu_out<11>    |   14.167|
alu_b<23>      |alu_out<12>    |   14.539|
alu_b<23>      |alu_out<13>    |   14.164|
alu_b<23>      |alu_out<14>    |   13.955|
alu_b<23>      |alu_out<15>    |   13.460|
alu_b<23>      |alu_out<16>    |   14.481|
alu_b<23>      |alu_out<17>    |   13.212|
alu_b<23>      |alu_out<18>    |   13.580|
alu_b<23>      |alu_out<19>    |   14.155|
alu_b<23>      |alu_out<20>    |   13.510|
alu_b<23>      |alu_out<21>    |   13.993|
alu_b<23>      |alu_out<22>    |   13.488|
alu_b<23>      |alu_out<23>    |   14.455|
alu_b<23>      |alu_out<24>    |   14.644|
alu_b<23>      |alu_out<25>    |   13.944|
alu_b<23>      |alu_out<26>    |   14.413|
alu_b<23>      |alu_out<27>    |   14.076|
alu_b<23>      |alu_out<28>    |   14.469|
alu_b<23>      |alu_out<29>    |   14.292|
alu_b<23>      |alu_out<30>    |   14.899|
alu_b<23>      |alu_out<31>    |   15.153|
alu_b<24>      |alu_out<0>     |   16.140|
alu_b<24>      |alu_out<1>     |   13.294|
alu_b<24>      |alu_out<2>     |   14.474|
alu_b<24>      |alu_out<3>     |   14.799|
alu_b<24>      |alu_out<4>     |   13.741|
alu_b<24>      |alu_out<5>     |   13.746|
alu_b<24>      |alu_out<6>     |   13.824|
alu_b<24>      |alu_out<7>     |   13.803|
alu_b<24>      |alu_out<8>     |   15.574|
alu_b<24>      |alu_out<9>     |   14.456|
alu_b<24>      |alu_out<10>    |   14.414|
alu_b<24>      |alu_out<11>    |   13.508|
alu_b<24>      |alu_out<12>    |   14.645|
alu_b<24>      |alu_out<13>    |   13.505|
alu_b<24>      |alu_out<14>    |   13.278|
alu_b<24>      |alu_out<15>    |   12.801|
alu_b<24>      |alu_out<16>    |   14.179|
alu_b<24>      |alu_out<17>    |   12.553|
alu_b<24>      |alu_out<18>    |   12.903|
alu_b<24>      |alu_out<19>    |   13.496|
alu_b<24>      |alu_out<20>    |   13.263|
alu_b<24>      |alu_out<21>    |   13.334|
alu_b<24>      |alu_out<22>    |   12.811|
alu_b<24>      |alu_out<23>    |   13.446|
alu_b<24>      |alu_out<24>    |   13.321|
alu_b<24>      |alu_out<25>    |   12.417|
alu_b<24>      |alu_out<26>    |   12.551|
alu_b<24>      |alu_out<27>    |   13.051|
alu_b<24>      |alu_out<28>    |   12.607|
alu_b<24>      |alu_out<29>    |   12.765|
alu_b<24>      |alu_out<30>    |   13.037|
alu_b<24>      |alu_out<31>    |   12.886|
alu_b<25>      |alu_out<0>     |   16.590|
alu_b<25>      |alu_out<1>     |   14.265|
alu_b<25>      |alu_out<2>     |   14.924|
alu_b<25>      |alu_out<3>     |   14.853|
alu_b<25>      |alu_out<4>     |   14.191|
alu_b<25>      |alu_out<5>     |   14.490|
alu_b<25>      |alu_out<6>     |   14.274|
alu_b<25>      |alu_out<7>     |   13.857|
alu_b<25>      |alu_out<8>     |   16.024|
alu_b<25>      |alu_out<9>     |   14.666|
alu_b<25>      |alu_out<10>    |   14.864|
alu_b<25>      |alu_out<11>    |   13.562|
alu_b<25>      |alu_out<12>    |   15.095|
alu_b<25>      |alu_out<13>    |   14.154|
alu_b<25>      |alu_out<14>    |   13.728|
alu_b<25>      |alu_out<15>    |   12.855|
alu_b<25>      |alu_out<16>    |   14.629|
alu_b<25>      |alu_out<17>    |   13.524|
alu_b<25>      |alu_out<18>    |   13.353|
alu_b<25>      |alu_out<19>    |   13.550|
alu_b<25>      |alu_out<20>    |   13.713|
alu_b<25>      |alu_out<21>    |   14.078|
alu_b<25>      |alu_out<22>    |   13.261|
alu_b<25>      |alu_out<23>    |   13.500|
alu_b<25>      |alu_out<24>    |   13.771|
alu_b<25>      |alu_out<25>    |   12.924|
alu_b<25>      |alu_out<26>    |   11.432|
alu_b<25>      |alu_out<27>    |   13.418|
alu_b<25>      |alu_out<28>    |   12.323|
alu_b<25>      |alu_out<29>    |   13.132|
alu_b<25>      |alu_out<30>    |   11.918|
alu_b<25>      |alu_out<31>    |   13.253|
alu_b<26>      |alu_out<0>     |   16.236|
alu_b<26>      |alu_out<1>     |   14.316|
alu_b<26>      |alu_out<2>     |   14.683|
alu_b<26>      |alu_out<3>     |   14.904|
alu_b<26>      |alu_out<4>     |   13.837|
alu_b<26>      |alu_out<5>     |   14.541|
alu_b<26>      |alu_out<6>     |   13.151|
alu_b<26>      |alu_out<7>     |   13.908|
alu_b<26>      |alu_out<8>     |   15.670|
alu_b<26>      |alu_out<9>     |   14.717|
alu_b<26>      |alu_out<10>    |   14.776|
alu_b<26>      |alu_out<11>    |   13.613|
alu_b<26>      |alu_out<12>    |   14.741|
alu_b<26>      |alu_out<13>    |   14.205|
alu_b<26>      |alu_out<14>    |   13.276|
alu_b<26>      |alu_out<15>    |   12.906|
alu_b<26>      |alu_out<16>    |   14.275|
alu_b<26>      |alu_out<17>    |   13.575|
alu_b<26>      |alu_out<18>    |   13.112|
alu_b<26>      |alu_out<19>    |   13.601|
alu_b<26>      |alu_out<20>    |   13.359|
alu_b<26>      |alu_out<21>    |   14.129|
alu_b<26>      |alu_out<22>    |   12.138|
alu_b<26>      |alu_out<23>    |   13.551|
alu_b<26>      |alu_out<24>    |   13.417|
alu_b<26>      |alu_out<25>    |   12.975|
alu_b<26>      |alu_out<26>    |   12.907|
alu_b<26>      |alu_out<27>    |   12.223|
alu_b<26>      |alu_out<28>    |   12.375|
alu_b<26>      |alu_out<29>    |   12.162|
alu_b<26>      |alu_out<30>    |   12.245|
alu_b<26>      |alu_out<31>    |   12.058|
alu_b<27>      |alu_out<0>     |   16.796|
alu_b<27>      |alu_out<1>     |   14.629|
alu_b<27>      |alu_out<2>     |   15.243|
alu_b<27>      |alu_out<3>     |   14.944|
alu_b<27>      |alu_out<4>     |   14.397|
alu_b<27>      |alu_out<5>     |   14.854|
alu_b<27>      |alu_out<6>     |   13.711|
alu_b<27>      |alu_out<7>     |   13.120|
alu_b<27>      |alu_out<8>     |   16.230|
alu_b<27>      |alu_out<9>     |   15.030|
alu_b<27>      |alu_out<10>    |   15.336|
alu_b<27>      |alu_out<11>    |   13.626|
alu_b<27>      |alu_out<12>    |   15.301|
alu_b<27>      |alu_out<13>    |   14.518|
alu_b<27>      |alu_out<14>    |   13.836|
alu_b<27>      |alu_out<15>    |   12.984|
alu_b<27>      |alu_out<16>    |   14.835|
alu_b<27>      |alu_out<17>    |   13.888|
alu_b<27>      |alu_out<18>    |   13.672|
alu_b<27>      |alu_out<19>    |   13.641|
alu_b<27>      |alu_out<20>    |   13.919|
alu_b<27>      |alu_out<21>    |   14.442|
alu_b<27>      |alu_out<22>    |   12.698|
alu_b<27>      |alu_out<23>    |   12.763|
alu_b<27>      |alu_out<24>    |   13.977|
alu_b<27>      |alu_out<25>    |   13.288|
alu_b<27>      |alu_out<26>    |   13.467|
alu_b<27>      |alu_out<27>    |   13.953|
alu_b<27>      |alu_out<28>    |   13.101|
alu_b<27>      |alu_out<29>    |   12.654|
alu_b<27>      |alu_out<30>    |   12.655|
alu_b<27>      |alu_out<31>    |   12.613|
alu_b<28>      |alu_out<0>     |   16.201|
alu_b<28>      |alu_out<1>     |   13.947|
alu_b<28>      |alu_out<2>     |   14.142|
alu_b<28>      |alu_out<3>     |   14.262|
alu_b<28>      |alu_out<4>     |   12.539|
alu_b<28>      |alu_out<5>     |   14.172|
alu_b<28>      |alu_out<6>     |   13.001|
alu_b<28>      |alu_out<7>     |   12.438|
alu_b<28>      |alu_out<8>     |   14.540|
alu_b<28>      |alu_out<9>     |   14.348|
alu_b<28>      |alu_out<10>    |   14.235|
alu_b<28>      |alu_out<11>    |   12.944|
alu_b<28>      |alu_out<12>    |   14.449|
alu_b<28>      |alu_out<13>    |   13.836|
alu_b<28>      |alu_out<14>    |   12.735|
alu_b<28>      |alu_out<15>    |   12.302|
alu_b<28>      |alu_out<16>    |   14.240|
alu_b<28>      |alu_out<17>    |   13.206|
alu_b<28>      |alu_out<18>    |   12.571|
alu_b<28>      |alu_out<19>    |   12.959|
alu_b<28>      |alu_out<20>    |   12.061|
alu_b<28>      |alu_out<21>    |   13.760|
alu_b<28>      |alu_out<22>    |   11.988|
alu_b<28>      |alu_out<23>    |   12.081|
alu_b<28>      |alu_out<24>    |   12.287|
alu_b<28>      |alu_out<25>    |   12.606|
alu_b<28>      |alu_out<26>    |   12.366|
alu_b<28>      |alu_out<27>    |   13.271|
alu_b<28>      |alu_out<28>    |   14.098|
alu_b<28>      |alu_out<29>    |   12.343|
alu_b<28>      |alu_out<30>    |   11.743|
alu_b<28>      |alu_out<31>    |   11.728|
alu_b<29>      |alu_out<0>     |   16.706|
alu_b<29>      |alu_out<1>     |   14.066|
alu_b<29>      |alu_out<2>     |   14.647|
alu_b<29>      |alu_out<3>     |   15.050|
alu_b<29>      |alu_out<4>     |   13.044|
alu_b<29>      |alu_out<5>     |   14.196|
alu_b<29>      |alu_out<6>     |   13.506|
alu_b<29>      |alu_out<7>     |   12.842|
alu_b<29>      |alu_out<8>     |   15.045|
alu_b<29>      |alu_out<9>     |   14.385|
alu_b<29>      |alu_out<10>    |   14.740|
alu_b<29>      |alu_out<11>    |   13.732|
alu_b<29>      |alu_out<12>    |   14.954|
alu_b<29>      |alu_out<13>    |   14.078|
alu_b<29>      |alu_out<14>    |   13.240|
alu_b<29>      |alu_out<15>    |   13.090|
alu_b<29>      |alu_out<16>    |   14.745|
alu_b<29>      |alu_out<17>    |   13.325|
alu_b<29>      |alu_out<18>    |   13.076|
alu_b<29>      |alu_out<19>    |   13.747|
alu_b<29>      |alu_out<20>    |   12.566|
alu_b<29>      |alu_out<21>    |   13.784|
alu_b<29>      |alu_out<22>    |   12.493|
alu_b<29>      |alu_out<23>    |   12.485|
alu_b<29>      |alu_out<24>    |   12.792|
alu_b<29>      |alu_out<25>    |   12.643|
alu_b<29>      |alu_out<26>    |   12.871|
alu_b<29>      |alu_out<27>    |   14.059|
alu_b<29>      |alu_out<28>    |   14.603|
alu_b<29>      |alu_out<29>    |   13.417|
alu_b<29>      |alu_out<30>    |   12.201|
alu_b<29>      |alu_out<31>    |   12.181|
alu_b<30>      |alu_out<0>     |   16.866|
alu_b<30>      |alu_out<1>     |   14.104|
alu_b<30>      |alu_out<2>     |   14.445|
alu_b<30>      |alu_out<3>     |   15.128|
alu_b<30>      |alu_out<4>     |   13.489|
alu_b<30>      |alu_out<5>     |   14.234|
alu_b<30>      |alu_out<6>     |   14.040|
alu_b<30>      |alu_out<7>     |   12.920|
alu_b<30>      |alu_out<8>     |   15.205|
alu_b<30>      |alu_out<9>     |   14.423|
alu_b<30>      |alu_out<10>    |   14.578|
alu_b<30>      |alu_out<11>    |   13.810|
alu_b<30>      |alu_out<12>    |   15.114|
alu_b<30>      |alu_out<13>    |   14.116|
alu_b<30>      |alu_out<14>    |   12.235|
alu_b<30>      |alu_out<15>    |   13.168|
alu_b<30>      |alu_out<16>    |   14.905|
alu_b<30>      |alu_out<17>    |   13.363|
alu_b<30>      |alu_out<18>    |   12.874|
alu_b<30>      |alu_out<19>    |   13.825|
alu_b<30>      |alu_out<20>    |   13.011|
alu_b<30>      |alu_out<21>    |   13.822|
alu_b<30>      |alu_out<22>    |   13.027|
alu_b<30>      |alu_out<23>    |   12.563|
alu_b<30>      |alu_out<24>    |   12.952|
alu_b<30>      |alu_out<25>    |   12.681|
alu_b<30>      |alu_out<26>    |   12.709|
alu_b<30>      |alu_out<27>    |   14.137|
alu_b<30>      |alu_out<28>    |   14.763|
alu_b<30>      |alu_out<29>    |   13.455|
alu_b<30>      |alu_out<30>    |   12.252|
alu_b<30>      |alu_out<31>    |   12.199|
alu_b<31>      |alu_out<0>     |   16.442|
alu_b<31>      |alu_out<1>     |   13.544|
alu_b<31>      |alu_out<2>     |   13.918|
alu_b<31>      |alu_out<3>     |   14.308|
alu_b<31>      |alu_out<4>     |   13.065|
alu_b<31>      |alu_out<5>     |   13.674|
alu_b<31>      |alu_out<6>     |   13.513|
alu_b<31>      |alu_out<7>     |   13.044|
alu_b<31>      |alu_out<8>     |   14.781|
alu_b<31>      |alu_out<9>     |   13.863|
alu_b<31>      |alu_out<10>    |   14.051|
alu_b<31>      |alu_out<11>    |   13.074|
alu_b<31>      |alu_out<12>    |   14.690|
alu_b<31>      |alu_out<13>    |   13.556|
alu_b<31>      |alu_out<14>    |   11.708|
alu_b<31>      |alu_out<15>    |   11.266|
alu_b<31>      |alu_out<16>    |   14.481|
alu_b<31>      |alu_out<17>    |   12.803|
alu_b<31>      |alu_out<18>    |   12.347|
alu_b<31>      |alu_out<19>    |   13.005|
alu_b<31>      |alu_out<20>    |   12.587|
alu_b<31>      |alu_out<21>    |   13.262|
alu_b<31>      |alu_out<22>    |   12.500|
alu_b<31>      |alu_out<23>    |   12.687|
alu_b<31>      |alu_out<24>    |   12.528|
alu_b<31>      |alu_out<25>    |   12.121|
alu_b<31>      |alu_out<26>    |   12.182|
alu_b<31>      |alu_out<27>    |   13.401|
alu_b<31>      |alu_out<28>    |   14.339|
alu_b<31>      |alu_out<29>    |   12.895|
alu_b<31>      |alu_out<30>    |   11.700|
alu_b<31>      |alu_out<31>    |   11.971|
alu_op<0>      |alu_out<0>     |   12.700|
alu_op<0>      |alu_out<1>     |   13.379|
alu_op<0>      |alu_out<2>     |   13.662|
alu_op<0>      |alu_out<3>     |   12.957|
alu_op<0>      |alu_out<4>     |   12.296|
alu_op<0>      |alu_out<5>     |   12.251|
alu_op<0>      |alu_out<6>     |   13.650|
alu_op<0>      |alu_out<7>     |   13.609|
alu_op<0>      |alu_out<8>     |   13.563|
alu_op<0>      |alu_out<9>     |   13.622|
alu_op<0>      |alu_out<10>    |   13.589|
alu_op<0>      |alu_out<11>    |   13.529|
alu_op<0>      |alu_out<12>    |   13.411|
alu_op<0>      |alu_out<13>    |   13.282|
alu_op<0>      |alu_out<14>    |   12.309|
alu_op<0>      |alu_out<15>    |   12.238|
alu_op<0>      |alu_out<16>    |   13.176|
alu_op<0>      |alu_out<17>    |   12.102|
alu_op<0>      |alu_out<18>    |   12.491|
alu_op<0>      |alu_out<19>    |   12.965|
alu_op<0>      |alu_out<20>    |   12.665|
alu_op<0>      |alu_out<21>    |   13.242|
alu_op<0>      |alu_out<22>    |   13.245|
alu_op<0>      |alu_out<23>    |   13.034|
alu_op<0>      |alu_out<24>    |   13.361|
alu_op<0>      |alu_out<25>    |   13.368|
alu_op<0>      |alu_out<26>    |   12.448|
alu_op<0>      |alu_out<27>    |   12.733|
alu_op<0>      |alu_out<28>    |   14.071|
alu_op<0>      |alu_out<29>    |   13.594|
alu_op<0>      |alu_out<30>    |   14.066|
alu_op<0>      |alu_out<31>    |   13.831|
alu_op<1>      |alu_out<0>     |   13.215|
alu_op<1>      |alu_out<1>     |   12.819|
alu_op<1>      |alu_out<2>     |   13.616|
alu_op<1>      |alu_out<3>     |   13.420|
alu_op<1>      |alu_out<4>     |   12.775|
alu_op<1>      |alu_out<5>     |   12.512|
alu_op<1>      |alu_out<6>     |   12.975|
alu_op<1>      |alu_out<7>     |   12.725|
alu_op<1>      |alu_out<8>     |   14.084|
alu_op<1>      |alu_out<9>     |   14.143|
alu_op<1>      |alu_out<10>    |   14.110|
alu_op<1>      |alu_out<11>    |   14.050|
alu_op<1>      |alu_out<12>    |   13.932|
alu_op<1>      |alu_out<13>    |   13.803|
alu_op<1>      |alu_out<14>    |   12.830|
alu_op<1>      |alu_out<15>    |   12.759|
alu_op<1>      |alu_out<16>    |   12.976|
alu_op<1>      |alu_out<17>    |   12.498|
alu_op<1>      |alu_out<18>    |   12.633|
alu_op<1>      |alu_out<19>    |   13.029|
alu_op<1>      |alu_out<20>    |   12.954|
alu_op<1>      |alu_out<21>    |   13.600|
alu_op<1>      |alu_out<22>    |   13.031|
alu_op<1>      |alu_out<23>    |   13.555|
alu_op<1>      |alu_out<24>    |   13.055|
alu_op<1>      |alu_out<25>    |   12.764|
alu_op<1>      |alu_out<26>    |   12.485|
alu_op<1>      |alu_out<27>    |   12.392|
alu_op<1>      |alu_out<28>    |   13.467|
alu_op<1>      |alu_out<29>    |   12.709|
alu_op<1>      |alu_out<30>    |   13.337|
alu_op<1>      |alu_out<31>    |   13.152|
alu_op<2>      |alu_out<0>     |   13.129|
alu_op<2>      |alu_out<1>     |   12.733|
alu_op<2>      |alu_out<2>     |   13.530|
alu_op<2>      |alu_out<3>     |   13.334|
alu_op<2>      |alu_out<4>     |   12.689|
alu_op<2>      |alu_out<5>     |   12.426|
alu_op<2>      |alu_out<6>     |   12.952|
alu_op<2>      |alu_out<7>     |   13.009|
alu_op<2>      |alu_out<8>     |   13.998|
alu_op<2>      |alu_out<9>     |   14.057|
alu_op<2>      |alu_out<10>    |   14.024|
alu_op<2>      |alu_out<11>    |   13.964|
alu_op<2>      |alu_out<12>    |   13.846|
alu_op<2>      |alu_out<13>    |   13.717|
alu_op<2>      |alu_out<14>    |   12.744|
alu_op<2>      |alu_out<15>    |   12.673|
alu_op<2>      |alu_out<16>    |   12.890|
alu_op<2>      |alu_out<17>    |   12.412|
alu_op<2>      |alu_out<18>    |   12.547|
alu_op<2>      |alu_out<19>    |   12.943|
alu_op<2>      |alu_out<20>    |   12.868|
alu_op<2>      |alu_out<21>    |   13.514|
alu_op<2>      |alu_out<22>    |   12.945|
alu_op<2>      |alu_out<23>    |   13.469|
alu_op<2>      |alu_out<24>    |   13.041|
alu_op<2>      |alu_out<25>    |   13.048|
alu_op<2>      |alu_out<26>    |   12.399|
alu_op<2>      |alu_out<27>    |   12.306|
alu_op<2>      |alu_out<28>    |   13.751|
alu_op<2>      |alu_out<29>    |   12.635|
alu_op<2>      |alu_out<30>    |   13.621|
alu_op<2>      |alu_out<31>    |   13.436|
alu_op<3>      |alu_out<0>     |   12.651|
alu_op<3>      |alu_out<1>     |   12.554|
alu_op<3>      |alu_out<2>     |   13.052|
alu_op<3>      |alu_out<3>     |   12.856|
alu_op<3>      |alu_out<4>     |   12.211|
alu_op<3>      |alu_out<5>     |   11.948|
alu_op<3>      |alu_out<6>     |   13.108|
alu_op<3>      |alu_out<7>     |   12.784|
alu_op<3>      |alu_out<8>     |   13.520|
alu_op<3>      |alu_out<9>     |   13.579|
alu_op<3>      |alu_out<10>    |   13.546|
alu_op<3>      |alu_out<11>    |   13.486|
alu_op<3>      |alu_out<12>    |   13.368|
alu_op<3>      |alu_out<13>    |   13.239|
alu_op<3>      |alu_out<14>    |   12.266|
alu_op<3>      |alu_out<15>    |   12.195|
alu_op<3>      |alu_out<16>    |   12.619|
alu_op<3>      |alu_out<17>    |   11.934|
alu_op<3>      |alu_out<18>    |   12.069|
alu_op<3>      |alu_out<19>    |   12.465|
alu_op<3>      |alu_out<20>    |   12.390|
alu_op<3>      |alu_out<21>    |   13.036|
alu_op<3>      |alu_out<22>    |   12.581|
alu_op<3>      |alu_out<23>    |   12.991|
alu_op<3>      |alu_out<24>    |   12.697|
alu_op<3>      |alu_out<25>    |   12.704|
alu_op<3>      |alu_out<26>    |   11.921|
alu_op<3>      |alu_out<27>    |   11.908|
alu_op<3>      |alu_out<28>    |   13.407|
alu_op<3>      |alu_out<29>    |   12.769|
alu_op<3>      |alu_out<30>    |   13.277|
alu_op<3>      |alu_out<31>    |   13.092|
alu_op<4>      |alu_out<0>     |   13.834|
alu_op<4>      |alu_out<1>     |   13.438|
alu_op<4>      |alu_out<2>     |   14.235|
alu_op<4>      |alu_out<3>     |   14.039|
alu_op<4>      |alu_out<4>     |   13.394|
alu_op<4>      |alu_out<5>     |   13.131|
alu_op<4>      |alu_out<6>     |   13.546|
alu_op<4>      |alu_out<7>     |   13.206|
alu_op<4>      |alu_out<8>     |   14.703|
alu_op<4>      |alu_out<9>     |   14.762|
alu_op<4>      |alu_out<10>    |   14.729|
alu_op<4>      |alu_out<11>    |   14.669|
alu_op<4>      |alu_out<12>    |   14.551|
alu_op<4>      |alu_out<13>    |   14.422|
alu_op<4>      |alu_out<14>    |   13.449|
alu_op<4>      |alu_out<15>    |   13.378|
alu_op<4>      |alu_out<16>    |   13.595|
alu_op<4>      |alu_out<17>    |   13.117|
alu_op<4>      |alu_out<18>    |   13.252|
alu_op<4>      |alu_out<19>    |   13.648|
alu_op<4>      |alu_out<20>    |   13.573|
alu_op<4>      |alu_out<21>    |   14.219|
alu_op<4>      |alu_out<22>    |   13.650|
alu_op<4>      |alu_out<23>    |   14.174|
alu_op<4>      |alu_out<24>    |   13.674|
alu_op<4>      |alu_out<25>    |   13.297|
alu_op<4>      |alu_out<26>    |   13.104|
alu_op<4>      |alu_out<27>    |   13.011|
alu_op<4>      |alu_out<28>    |   13.067|
alu_op<4>      |alu_out<29>    |   13.328|
alu_op<4>      |alu_out<30>    |   12.859|
alu_op<4>      |alu_out<31>    |   13.119|
---------------+---------------+---------+


Analysis completed Sun Jun 05 14:23:48 2016 
--------------------------------------------------------------------------------

Trace Settings:
-------------------------
Trace Settings 

Peak Memory Usage: 127 MB



