--------------------------------------------------------------------------------
Release 12.3 Trace  (nt)
Copyright (c) 1995-2010 Xilinx, Inc.  All rights reserved.

C:\Xilinx\12.3\ISE_DS\ISE\bin\nt\unwrapped\trce.exe -intstyle ise -v 3 -s 5 -n
3 -fastpaths -xml ForwardAD_MUX.twx ForwardAD_MUX.ncd -o ForwardAD_MUX.twr
ForwardAD_MUX.pcf

Design file:              ForwardAD_MUX.ncd
Physical constraint file: ForwardAD_MUX.pcf
Device,package,speed:     xc3s500e,fg320,-5 (PRODUCTION 1.27 2010-09-15)
Report level:             verbose report

Environment Variable      Effect 
--------------------      ------ 
NONE                      No environment variables were set
--------------------------------------------------------------------------------

INFO:Timing:2698 - No timing constraints found, doing default enumeration.
INFO:Timing:2752 - To get complete path coverage, use the unconstrained paths 
   option. All paths that are not constrained will be reported in the 
   unconstrained paths section(s) of the report.
INFO:Timing:3339 - The clock-to-out numbers in this timing report are based on 
   a 50 Ohm transmission line loading model.  For the details of this model, 
   and for more information on accounting for different loading conditions, 
   please see the device datasheet.
INFO:Timing:3390 - This architecture does not support a default System Jitter 
   value, please add SYSTEM_JITTER constraint to the UCF to modify the Clock 
   Uncertainty calculation.
INFO:Timing:3389 - This architecture does not support 'Discrete Jitter' and 
   'Phase Error' calculations, these terms will be zero in the Clock 
   Uncertainty calculation.  Please make appropriate modification to 
   SYSTEM_JITTER to account for the unsupported Discrete Jitter and Phase 
   Error.



Data Sheet report:
-----------------
All values displayed in nanoseconds (ns)

Pad to Pad
---------------+---------------+---------+
Source Pad     |Destination Pad|  Delay  |
---------------+---------------+---------+
ALUOutM<0>     |r1_out<0>      |    9.359|
ALUOutM<1>     |r1_out<1>      |    9.467|
ALUOutM<2>     |r1_out<2>      |    9.024|
ALUOutM<3>     |r1_out<3>      |   10.125|
ALUOutM<4>     |r1_out<4>      |    9.434|
ALUOutM<5>     |r1_out<5>      |    8.987|
ALUOutM<6>     |r1_out<6>      |    8.982|
ALUOutM<7>     |r1_out<7>      |    8.727|
ALUOutM<8>     |r1_out<8>      |    9.119|
ALUOutM<9>     |r1_out<9>      |    8.537|
ALUOutM<10>    |r1_out<10>     |    9.216|
ALUOutM<11>    |r1_out<11>     |    9.516|
ALUOutM<12>    |r1_out<12>     |    9.350|
ALUOutM<13>    |r1_out<13>     |    9.973|
ALUOutM<14>    |r1_out<14>     |    9.406|
ALUOutM<15>    |r1_out<15>     |    9.304|
ALUOutM<16>    |r1_out<16>     |    9.291|
ALUOutM<17>    |r1_out<17>     |    9.786|
ALUOutM<18>    |r1_out<18>     |    8.700|
ALUOutM<19>    |r1_out<19>     |   10.090|
ALUOutM<20>    |r1_out<20>     |    8.687|
ALUOutM<21>    |r1_out<21>     |    8.654|
ALUOutM<22>    |r1_out<22>     |    8.999|
ALUOutM<23>    |r1_out<23>     |    7.840|
ALUOutM<24>    |r1_out<24>     |    6.904|
ALUOutM<25>    |r1_out<25>     |    8.550|
ALUOutM<26>    |r1_out<26>     |    8.420|
ALUOutM<27>    |r1_out<27>     |    7.985|
ALUOutM<28>    |r1_out<28>     |    8.485|
ALUOutM<29>    |r1_out<29>     |    7.904|
ALUOutM<30>    |r1_out<30>     |    8.292|
ALUOutM<31>    |r1_out<31>     |    7.007|
ForwardAD<0>   |r1_out<0>      |    9.909|
ForwardAD<0>   |r1_out<1>      |   10.029|
ForwardAD<0>   |r1_out<2>      |    9.464|
ForwardAD<0>   |r1_out<3>      |   10.635|
ForwardAD<0>   |r1_out<4>      |   10.194|
ForwardAD<0>   |r1_out<5>      |    9.762|
ForwardAD<0>   |r1_out<6>      |    9.557|
ForwardAD<0>   |r1_out<7>      |    9.377|
ForwardAD<0>   |r1_out<8>      |    9.156|
ForwardAD<0>   |r1_out<9>      |    8.969|
ForwardAD<0>   |r1_out<10>     |    9.942|
ForwardAD<0>   |r1_out<11>     |   10.577|
ForwardAD<0>   |r1_out<12>     |   10.563|
ForwardAD<0>   |r1_out<13>     |   10.470|
ForwardAD<0>   |r1_out<14>     |   10.251|
ForwardAD<0>   |r1_out<15>     |    9.559|
ForwardAD<0>   |r1_out<16>     |   11.202|
ForwardAD<0>   |r1_out<17>     |   11.159|
ForwardAD<0>   |r1_out<18>     |    9.273|
ForwardAD<0>   |r1_out<19>     |   10.577|
ForwardAD<0>   |r1_out<20>     |    9.878|
ForwardAD<0>   |r1_out<21>     |    8.427|
ForwardAD<0>   |r1_out<22>     |    8.827|
ForwardAD<0>   |r1_out<23>     |   10.914|
ForwardAD<0>   |r1_out<24>     |    7.642|
ForwardAD<0>   |r1_out<25>     |    9.082|
ForwardAD<0>   |r1_out<26>     |    8.390|
ForwardAD<0>   |r1_out<27>     |    8.148|
ForwardAD<0>   |r1_out<28>     |    8.649|
ForwardAD<0>   |r1_out<29>     |    9.106|
ForwardAD<0>   |r1_out<30>     |    9.256|
ForwardAD<0>   |r1_out<31>     |    7.913|
ForwardAD<1>   |r1_out<0>      |   11.001|
ForwardAD<1>   |r1_out<1>      |   11.067|
ForwardAD<1>   |r1_out<2>      |   10.905|
ForwardAD<1>   |r1_out<3>      |   11.079|
ForwardAD<1>   |r1_out<4>      |   11.545|
ForwardAD<1>   |r1_out<5>      |   10.593|
ForwardAD<1>   |r1_out<6>      |    9.648|
ForwardAD<1>   |r1_out<7>      |   10.291|
ForwardAD<1>   |r1_out<8>      |    9.218|
ForwardAD<1>   |r1_out<9>      |    9.527|
ForwardAD<1>   |r1_out<10>     |    9.866|
ForwardAD<1>   |r1_out<11>     |   10.244|
ForwardAD<1>   |r1_out<12>     |   10.251|
ForwardAD<1>   |r1_out<13>     |   10.132|
ForwardAD<1>   |r1_out<14>     |    9.836|
ForwardAD<1>   |r1_out<15>     |    9.545|
ForwardAD<1>   |r1_out<16>     |   11.533|
ForwardAD<1>   |r1_out<17>     |   10.885|
ForwardAD<1>   |r1_out<18>     |    9.099|
ForwardAD<1>   |r1_out<19>     |   10.103|
ForwardAD<1>   |r1_out<20>     |   10.854|
ForwardAD<1>   |r1_out<21>     |    8.572|
ForwardAD<1>   |r1_out<22>     |    9.197|
ForwardAD<1>   |r1_out<23>     |   10.790|
ForwardAD<1>   |r1_out<24>     |    8.452|
ForwardAD<1>   |r1_out<25>     |    9.334|
ForwardAD<1>   |r1_out<26>     |    8.106|
ForwardAD<1>   |r1_out<27>     |    9.183|
ForwardAD<1>   |r1_out<28>     |    8.687|
ForwardAD<1>   |r1_out<29>     |    8.830|
ForwardAD<1>   |r1_out<30>     |    9.393|
ForwardAD<1>   |r1_out<31>     |    8.111|
RD1<0>         |r1_out<0>      |    6.975|
RD1<1>         |r1_out<1>      |    8.027|
RD1<2>         |r1_out<2>      |    8.378|
RD1<3>         |r1_out<3>      |    8.205|
RD1<4>         |r1_out<4>      |    8.030|
RD1<5>         |r1_out<5>      |    7.713|
RD1<6>         |r1_out<6>      |    8.682|
RD1<7>         |r1_out<7>      |    8.153|
RD1<8>         |r1_out<8>      |    8.551|
RD1<9>         |r1_out<9>      |    7.858|
RD1<10>        |r1_out<10>     |    7.730|
RD1<11>        |r1_out<11>     |    8.475|
RD1<12>        |r1_out<12>     |    8.102|
RD1<13>        |r1_out<13>     |    8.366|
RD1<14>        |r1_out<14>     |    8.473|
RD1<15>        |r1_out<15>     |    7.881|
RD1<16>        |r1_out<16>     |    7.196|
RD1<17>        |r1_out<17>     |    8.563|
RD1<18>        |r1_out<18>     |    7.337|
RD1<19>        |r1_out<19>     |    8.707|
RD1<20>        |r1_out<20>     |    6.451|
RD1<21>        |r1_out<21>     |    7.584|
RD1<22>        |r1_out<22>     |    7.897|
RD1<23>        |r1_out<23>     |    6.260|
RD1<24>        |r1_out<24>     |    7.296|
RD1<25>        |r1_out<25>     |    7.701|
RD1<26>        |r1_out<26>     |    6.434|
RD1<27>        |r1_out<27>     |    6.966|
RD1<28>        |r1_out<28>     |    7.841|
RD1<29>        |r1_out<29>     |    6.960|
RD1<30>        |r1_out<30>     |    7.292|
RD1<31>        |r1_out<31>     |    5.783|
ResultW<0>     |r1_out<0>      |    8.071|
ResultW<1>     |r1_out<1>      |    8.518|
ResultW<2>     |r1_out<2>      |    8.320|
ResultW<3>     |r1_out<3>      |    8.369|
ResultW<4>     |r1_out<4>      |    8.117|
ResultW<5>     |r1_out<5>      |    8.249|
ResultW<6>     |r1_out<6>      |    8.665|
ResultW<7>     |r1_out<7>      |    7.838|
ResultW<8>     |r1_out<8>      |    8.209|
ResultW<9>     |r1_out<9>      |    8.276|
ResultW<10>    |r1_out<10>     |    7.974|
ResultW<11>    |r1_out<11>     |    8.891|
ResultW<12>    |r1_out<12>     |    8.347|
ResultW<13>    |r1_out<13>     |    8.945|
ResultW<14>    |r1_out<14>     |    8.396|
ResultW<15>    |r1_out<15>     |    8.133|
ResultW<16>    |r1_out<16>     |    6.284|
ResultW<17>    |r1_out<17>     |    9.265|
ResultW<18>    |r1_out<18>     |    8.098|
ResultW<19>    |r1_out<19>     |    9.518|
ResultW<20>    |r1_out<20>     |    6.301|
ResultW<21>    |r1_out<21>     |    8.069|
ResultW<22>    |r1_out<22>     |    8.373|
ResultW<23>    |r1_out<23>     |    5.561|
ResultW<24>    |r1_out<24>     |    6.879|
ResultW<25>    |r1_out<25>     |    8.429|
ResultW<26>    |r1_out<26>     |    7.192|
ResultW<27>    |r1_out<27>     |    7.693|
ResultW<28>    |r1_out<28>     |    7.948|
ResultW<29>    |r1_out<29>     |    8.166|
ResultW<30>    |r1_out<30>     |    8.037|
ResultW<31>    |r1_out<31>     |    6.822|
---------------+---------------+---------+


Analysis completed Sun Jun 05 10:56:31 2016 
--------------------------------------------------------------------------------

Trace Settings:
-------------------------
Trace Settings 

Peak Memory Usage: 125 MB



