--------------------------------------------------------------------------------
Release 12.3 Trace  (nt)
Copyright (c) 1995-2010 Xilinx, Inc.  All rights reserved.

C:\Xilinx\12.3\ISE_DS\ISE\bin\nt\unwrapped\trce.exe -intstyle ise -v 3 -s 5 -n
3 -fastpaths -xml RegFile.twx RegFile.ncd -o RegFile.twr RegFile.pcf

Design file:              RegFile.ncd
Physical constraint file: RegFile.pcf
Device,package,speed:     xc3s500e,fg320,-5 (PRODUCTION 1.27 2010-09-15)
Report level:             verbose report

Environment Variable      Effect 
--------------------      ------ 
NONE                      No environment variables were set
--------------------------------------------------------------------------------

INFO:Timing:2698 - No timing constraints found, doing default enumeration.
INFO:Timing:2752 - To get complete path coverage, use the unconstrained paths 
   option. All paths that are not constrained will be reported in the 
   unconstrained paths section(s) of the report.
INFO:Timing:3339 - The clock-to-out numbers in this timing report are based on 
   a 50 Ohm transmission line loading model.  For the details of this model, 
   and for more information on accounting for different loading conditions, 
   please see the device datasheet.
INFO:Timing:3390 - This architecture does not support a default System Jitter 
   value, please add SYSTEM_JITTER constraint to the UCF to modify the Clock 
   Uncertainty calculation.
INFO:Timing:3389 - This architecture does not support 'Discrete Jitter' and 
   'Phase Error' calculations, these terms will be zero in the Clock 
   Uncertainty calculation.  Please make appropriate modification to 
   SYSTEM_JITTER to account for the unsupported Discrete Jitter and Phase 
   Error.



Data Sheet report:
-----------------
All values displayed in nanoseconds (ns)

Setup/Hold to clock clk
------------+------------+------------+------------------+--------+
            |Max Setup to|Max Hold to |                  | Clock  |
Source      | clk (edge) | clk (edge) |Internal Clock(s) | Phase  |
------------+------------+------------+------------------+--------+
r3_addr<0>  |   16.105(R)|   -0.731(R)|clk_BUFGP         |   0.000|
r3_addr<1>  |    8.980(R)|   -0.458(R)|clk_BUFGP         |   0.000|
r3_addr<2>  |    9.651(R)|   -0.558(R)|clk_BUFGP         |   0.000|
r3_addr<3>  |    9.899(R)|   -0.347(R)|clk_BUFGP         |   0.000|
r3_addr<4>  |    9.608(R)|   -0.239(R)|clk_BUFGP         |   0.000|
r3_din<0>   |    3.099(R)|   -0.065(R)|clk_BUFGP         |   0.000|
r3_din<1>   |    3.443(R)|   -0.159(R)|clk_BUFGP         |   0.000|
r3_din<2>   |    2.738(R)|    0.341(R)|clk_BUFGP         |   0.000|
r3_din<3>   |    2.903(R)|   -0.258(R)|clk_BUFGP         |   0.000|
r3_din<4>   |    2.454(R)|    0.145(R)|clk_BUFGP         |   0.000|
r3_din<5>   |    2.143(R)|    0.587(R)|clk_BUFGP         |   0.000|
r3_din<6>   |    3.266(R)|   -0.374(R)|clk_BUFGP         |   0.000|
r3_din<7>   |    2.970(R)|   -0.181(R)|clk_BUFGP         |   0.000|
r3_din<8>   |    3.318(R)|   -0.342(R)|clk_BUFGP         |   0.000|
r3_din<9>   |    3.428(R)|    0.089(R)|clk_BUFGP         |   0.000|
r3_din<10>  |    1.725(R)|    0.605(R)|clk_BUFGP         |   0.000|
r3_din<11>  |    1.867(R)|    0.600(R)|clk_BUFGP         |   0.000|
r3_din<12>  |    1.950(R)|    0.716(R)|clk_BUFGP         |   0.000|
r3_din<13>  |    3.027(R)|   -0.062(R)|clk_BUFGP         |   0.000|
r3_din<14>  |    2.628(R)|    0.014(R)|clk_BUFGP         |   0.000|
r3_din<15>  |    2.527(R)|    0.150(R)|clk_BUFGP         |   0.000|
r3_din<16>  |    3.304(R)|   -0.624(R)|clk_BUFGP         |   0.000|
r3_din<17>  |    2.996(R)|   -0.198(R)|clk_BUFGP         |   0.000|
r3_din<18>  |    2.773(R)|    0.104(R)|clk_BUFGP         |   0.000|
r3_din<19>  |    2.674(R)|   -0.068(R)|clk_BUFGP         |   0.000|
r3_din<20>  |    1.290(R)|    1.104(R)|clk_BUFGP         |   0.000|
r3_din<21>  |    1.535(R)|    0.802(R)|clk_BUFGP         |   0.000|
r3_din<22>  |    2.488(R)|    0.265(R)|clk_BUFGP         |   0.000|
r3_din<23>  |    3.092(R)|    0.057(R)|clk_BUFGP         |   0.000|
r3_din<24>  |    2.353(R)|    0.360(R)|clk_BUFGP         |   0.000|
r3_din<25>  |    2.074(R)|    0.380(R)|clk_BUFGP         |   0.000|
r3_din<26>  |    1.994(R)|    0.503(R)|clk_BUFGP         |   0.000|
r3_din<27>  |    2.642(R)|    0.351(R)|clk_BUFGP         |   0.000|
r3_din<28>  |    1.265(R)|    1.189(R)|clk_BUFGP         |   0.000|
r3_din<29>  |    1.828(R)|    1.222(R)|clk_BUFGP         |   0.000|
r3_din<30>  |    2.854(R)|    0.012(R)|clk_BUFGP         |   0.000|
r3_din<31>  |    2.611(R)|    0.201(R)|clk_BUFGP         |   0.000|
r3_wr       |    9.153(R)|    0.674(R)|clk_BUFGP         |   0.000|
------------+------------+------------+------------------+--------+

Clock clk to Pad
------------+------------+------------------+--------+
            | clk (edge) |                  | Clock  |
Destination |   to PAD   |Internal Clock(s) | Phase  |
------------+------------+------------------+--------+
r1_dout<0>  |   10.434(R)|clk_BUFGP         |   0.000|
r1_dout<1>  |   10.558(R)|clk_BUFGP         |   0.000|
r1_dout<2>  |   10.975(R)|clk_BUFGP         |   0.000|
r1_dout<3>  |   10.841(R)|clk_BUFGP         |   0.000|
r1_dout<4>  |   10.790(R)|clk_BUFGP         |   0.000|
r1_dout<5>  |   10.638(R)|clk_BUFGP         |   0.000|
r1_dout<6>  |   10.503(R)|clk_BUFGP         |   0.000|
r1_dout<7>  |   10.560(R)|clk_BUFGP         |   0.000|
r1_dout<8>  |   10.435(R)|clk_BUFGP         |   0.000|
r1_dout<9>  |   10.894(R)|clk_BUFGP         |   0.000|
r1_dout<10> |   11.846(R)|clk_BUFGP         |   0.000|
r1_dout<11> |   10.905(R)|clk_BUFGP         |   0.000|
r1_dout<12> |   10.578(R)|clk_BUFGP         |   0.000|
r1_dout<13> |   11.013(R)|clk_BUFGP         |   0.000|
r1_dout<14> |   11.702(R)|clk_BUFGP         |   0.000|
r1_dout<15> |   10.947(R)|clk_BUFGP         |   0.000|
r1_dout<16> |   10.470(R)|clk_BUFGP         |   0.000|
r1_dout<17> |   10.341(R)|clk_BUFGP         |   0.000|
r1_dout<18> |   11.234(R)|clk_BUFGP         |   0.000|
r1_dout<19> |   10.691(R)|clk_BUFGP         |   0.000|
r1_dout<20> |   10.724(R)|clk_BUFGP         |   0.000|
r1_dout<21> |   11.094(R)|clk_BUFGP         |   0.000|
r1_dout<22> |   12.027(R)|clk_BUFGP         |   0.000|
r1_dout<23> |   11.637(R)|clk_BUFGP         |   0.000|
r1_dout<24> |   12.639(R)|clk_BUFGP         |   0.000|
r1_dout<25> |   12.602(R)|clk_BUFGP         |   0.000|
r1_dout<26> |   10.744(R)|clk_BUFGP         |   0.000|
r1_dout<27> |   10.907(R)|clk_BUFGP         |   0.000|
r1_dout<28> |   11.360(R)|clk_BUFGP         |   0.000|
r1_dout<29> |   11.524(R)|clk_BUFGP         |   0.000|
r1_dout<30> |   12.613(R)|clk_BUFGP         |   0.000|
r1_dout<31> |   12.274(R)|clk_BUFGP         |   0.000|
r2_dout<0>  |   10.544(R)|clk_BUFGP         |   0.000|
r2_dout<1>  |   10.438(R)|clk_BUFGP         |   0.000|
r2_dout<2>  |   10.684(R)|clk_BUFGP         |   0.000|
r2_dout<3>  |   10.226(R)|clk_BUFGP         |   0.000|
r2_dout<4>  |   10.670(R)|clk_BUFGP         |   0.000|
r2_dout<5>  |   11.135(R)|clk_BUFGP         |   0.000|
r2_dout<6>  |   11.499(R)|clk_BUFGP         |   0.000|
r2_dout<7>  |   12.076(R)|clk_BUFGP         |   0.000|
r2_dout<8>  |   11.910(R)|clk_BUFGP         |   0.000|
r2_dout<9>  |   11.479(R)|clk_BUFGP         |   0.000|
r2_dout<10> |   10.816(R)|clk_BUFGP         |   0.000|
r2_dout<11> |   11.371(R)|clk_BUFGP         |   0.000|
r2_dout<12> |   11.173(R)|clk_BUFGP         |   0.000|
r2_dout<13> |   10.650(R)|clk_BUFGP         |   0.000|
r2_dout<14> |   11.149(R)|clk_BUFGP         |   0.000|
r2_dout<15> |   11.724(R)|clk_BUFGP         |   0.000|
r2_dout<16> |   10.139(R)|clk_BUFGP         |   0.000|
r2_dout<17> |   11.623(R)|clk_BUFGP         |   0.000|
r2_dout<18> |   11.829(R)|clk_BUFGP         |   0.000|
r2_dout<19> |   11.765(R)|clk_BUFGP         |   0.000|
r2_dout<20> |   11.222(R)|clk_BUFGP         |   0.000|
r2_dout<21> |   10.672(R)|clk_BUFGP         |   0.000|
r2_dout<22> |   12.104(R)|clk_BUFGP         |   0.000|
r2_dout<23> |   11.349(R)|clk_BUFGP         |   0.000|
r2_dout<24> |   11.332(R)|clk_BUFGP         |   0.000|
r2_dout<25> |   11.364(R)|clk_BUFGP         |   0.000|
r2_dout<26> |   11.045(R)|clk_BUFGP         |   0.000|
r2_dout<27> |   10.576(R)|clk_BUFGP         |   0.000|
r2_dout<28> |   10.774(R)|clk_BUFGP         |   0.000|
r2_dout<29> |   10.641(R)|clk_BUFGP         |   0.000|
r2_dout<30> |   11.086(R)|clk_BUFGP         |   0.000|
r2_dout<31> |   11.022(R)|clk_BUFGP         |   0.000|
------------+------------+------------------+--------+

Clock to Setup on destination clock clk
---------------+---------+---------+---------+---------+
               | Src:Rise| Src:Fall| Src:Rise| Src:Fall|
Source Clock   |Dest:Rise|Dest:Rise|Dest:Fall|Dest:Fall|
---------------+---------+---------+---------+---------+
clk            |    6.021|         |         |         |
---------------+---------+---------+---------+---------+

Pad to Pad
---------------+---------------+---------+
Source Pad     |Destination Pad|  Delay  |
---------------+---------------+---------+
r1_addr<0>     |r1_dout<0>     |   16.391|
r1_addr<0>     |r1_dout<1>     |   16.170|
r1_addr<0>     |r1_dout<2>     |   16.842|
r1_addr<0>     |r1_dout<3>     |   17.689|
r1_addr<0>     |r1_dout<4>     |   17.129|
r1_addr<0>     |r1_dout<5>     |   16.712|
r1_addr<0>     |r1_dout<6>     |   16.085|
r1_addr<0>     |r1_dout<7>     |   15.708|
r1_addr<0>     |r1_dout<8>     |   15.200|
r1_addr<0>     |r1_dout<9>     |   15.389|
r1_addr<0>     |r1_dout<10>    |   17.628|
r1_addr<0>     |r1_dout<11>    |   17.447|
r1_addr<0>     |r1_dout<12>    |   19.899|
r1_addr<0>     |r1_dout<13>    |   18.971|
r1_addr<0>     |r1_dout<14>    |   18.066|
r1_addr<0>     |r1_dout<15>    |   17.420|
r1_addr<0>     |r1_dout<16>    |   14.494|
r1_addr<0>     |r1_dout<17>    |   14.560|
r1_addr<0>     |r1_dout<18>    |   16.732|
r1_addr<0>     |r1_dout<19>    |   16.199|
r1_addr<0>     |r1_dout<20>    |   19.074|
r1_addr<0>     |r1_dout<21>    |   19.654|
r1_addr<0>     |r1_dout<22>    |   15.366|
r1_addr<0>     |r1_dout<23>    |   17.432|
r1_addr<0>     |r1_dout<24>    |   17.158|
r1_addr<0>     |r1_dout<25>    |   15.648|
r1_addr<0>     |r1_dout<26>    |   15.013|
r1_addr<0>     |r1_dout<27>    |   14.787|
r1_addr<0>     |r1_dout<28>    |   13.209|
r1_addr<0>     |r1_dout<29>    |   13.616|
r1_addr<0>     |r1_dout<30>    |   15.737|
r1_addr<0>     |r1_dout<31>    |   15.612|
r1_addr<1>     |r1_dout<0>     |    7.790|
r1_addr<1>     |r1_dout<1>     |    8.076|
r1_addr<1>     |r1_dout<2>     |    9.694|
r1_addr<1>     |r1_dout<3>     |   11.002|
r1_addr<1>     |r1_dout<4>     |   10.346|
r1_addr<1>     |r1_dout<5>     |    9.517|
r1_addr<1>     |r1_dout<6>     |    8.948|
r1_addr<1>     |r1_dout<7>     |    9.177|
r1_addr<1>     |r1_dout<8>     |   10.107|
r1_addr<1>     |r1_dout<9>     |   10.053|
r1_addr<1>     |r1_dout<10>    |   11.521|
r1_addr<1>     |r1_dout<11>    |   11.539|
r1_addr<1>     |r1_dout<12>    |   10.709|
r1_addr<1>     |r1_dout<13>    |   11.097|
r1_addr<1>     |r1_dout<14>    |   12.361|
r1_addr<1>     |r1_dout<15>    |   11.470|
r1_addr<1>     |r1_dout<16>    |   12.121|
r1_addr<1>     |r1_dout<17>    |   10.531|
r1_addr<1>     |r1_dout<18>    |   12.935|
r1_addr<1>     |r1_dout<19>    |   13.161|
r1_addr<1>     |r1_dout<20>    |   11.116|
r1_addr<1>     |r1_dout<21>    |   11.784|
r1_addr<1>     |r1_dout<22>    |   13.781|
r1_addr<1>     |r1_dout<23>    |   13.732|
r1_addr<1>     |r1_dout<24>    |   15.365|
r1_addr<1>     |r1_dout<25>    |   14.349|
r1_addr<1>     |r1_dout<26>    |   13.179|
r1_addr<1>     |r1_dout<27>    |   13.947|
r1_addr<1>     |r1_dout<28>    |   13.963|
r1_addr<1>     |r1_dout<29>    |   15.290|
r1_addr<1>     |r1_dout<30>    |   13.881|
r1_addr<1>     |r1_dout<31>    |   14.079|
r1_addr<2>     |r1_dout<0>     |    7.141|
r1_addr<2>     |r1_dout<1>     |    7.420|
r1_addr<2>     |r1_dout<2>     |    8.825|
r1_addr<2>     |r1_dout<3>     |   10.593|
r1_addr<2>     |r1_dout<4>     |    8.905|
r1_addr<2>     |r1_dout<5>     |    9.089|
r1_addr<2>     |r1_dout<6>     |    9.029|
r1_addr<2>     |r1_dout<7>     |    9.001|
r1_addr<2>     |r1_dout<8>     |   11.795|
r1_addr<2>     |r1_dout<9>     |   12.265|
r1_addr<2>     |r1_dout<10>    |   10.604|
r1_addr<2>     |r1_dout<11>    |   10.585|
r1_addr<2>     |r1_dout<12>    |    8.815|
r1_addr<2>     |r1_dout<13>    |   10.190|
r1_addr<2>     |r1_dout<14>    |   11.871|
r1_addr<2>     |r1_dout<15>    |   10.724|
r1_addr<2>     |r1_dout<16>    |   11.757|
r1_addr<2>     |r1_dout<17>    |   11.528|
r1_addr<2>     |r1_dout<18>    |   12.662|
r1_addr<2>     |r1_dout<19>    |   12.524|
r1_addr<2>     |r1_dout<20>    |   10.697|
r1_addr<2>     |r1_dout<21>    |   11.635|
r1_addr<2>     |r1_dout<22>    |   11.748|
r1_addr<2>     |r1_dout<23>    |   12.033|
r1_addr<2>     |r1_dout<24>    |   13.999|
r1_addr<2>     |r1_dout<25>    |   13.933|
r1_addr<2>     |r1_dout<26>    |   10.663|
r1_addr<2>     |r1_dout<27>    |   11.183|
r1_addr<2>     |r1_dout<28>    |   12.470|
r1_addr<2>     |r1_dout<29>    |   11.855|
r1_addr<2>     |r1_dout<30>    |   12.262|
r1_addr<2>     |r1_dout<31>    |   12.290|
r1_addr<3>     |r1_dout<0>     |    6.786|
r1_addr<3>     |r1_dout<1>     |    7.066|
r1_addr<3>     |r1_dout<2>     |    7.938|
r1_addr<3>     |r1_dout<3>     |    9.020|
r1_addr<3>     |r1_dout<4>     |    8.760|
r1_addr<3>     |r1_dout<5>     |    8.214|
r1_addr<3>     |r1_dout<6>     |   10.717|
r1_addr<3>     |r1_dout<7>     |    8.878|
r1_addr<3>     |r1_dout<8>     |   10.508|
r1_addr<3>     |r1_dout<9>     |   10.663|
r1_addr<3>     |r1_dout<10>    |    9.555|
r1_addr<3>     |r1_dout<11>    |    9.057|
r1_addr<3>     |r1_dout<12>    |    9.177|
r1_addr<3>     |r1_dout<13>    |    8.871|
r1_addr<3>     |r1_dout<14>    |   10.331|
r1_addr<3>     |r1_dout<15>    |    9.678|
r1_addr<3>     |r1_dout<16>    |   11.992|
r1_addr<3>     |r1_dout<17>    |   11.825|
r1_addr<3>     |r1_dout<18>    |   12.967|
r1_addr<3>     |r1_dout<19>    |   12.763|
r1_addr<3>     |r1_dout<20>    |   10.278|
r1_addr<3>     |r1_dout<21>    |   10.938|
r1_addr<3>     |r1_dout<22>    |   14.710|
r1_addr<3>     |r1_dout<23>    |   14.201|
r1_addr<3>     |r1_dout<24>    |   14.954|
r1_addr<3>     |r1_dout<25>    |   14.418|
r1_addr<3>     |r1_dout<26>    |   12.546|
r1_addr<3>     |r1_dout<27>    |   13.741|
r1_addr<3>     |r1_dout<28>    |   13.016|
r1_addr<3>     |r1_dout<29>    |   12.842|
r1_addr<3>     |r1_dout<30>    |   16.089|
r1_addr<3>     |r1_dout<31>    |   15.628|
r1_addr<4>     |r1_dout<0>     |    6.357|
r1_addr<4>     |r1_dout<1>     |    6.631|
r1_addr<4>     |r1_dout<2>     |    6.469|
r1_addr<4>     |r1_dout<3>     |    7.886|
r1_addr<4>     |r1_dout<4>     |    8.003|
r1_addr<4>     |r1_dout<5>     |    7.491|
r1_addr<4>     |r1_dout<6>     |    9.705|
r1_addr<4>     |r1_dout<7>     |    7.469|
r1_addr<4>     |r1_dout<8>     |    9.463|
r1_addr<4>     |r1_dout<9>     |    9.683|
r1_addr<4>     |r1_dout<10>    |    8.939|
r1_addr<4>     |r1_dout<11>    |    8.667|
r1_addr<4>     |r1_dout<12>    |    8.542|
r1_addr<4>     |r1_dout<13>    |    8.831|
r1_addr<4>     |r1_dout<14>    |    8.923|
r1_addr<4>     |r1_dout<15>    |    8.800|
r1_addr<4>     |r1_dout<16>    |   10.306|
r1_addr<4>     |r1_dout<17>    |    9.484|
r1_addr<4>     |r1_dout<18>    |   10.325|
r1_addr<4>     |r1_dout<19>    |   10.131|
r1_addr<4>     |r1_dout<20>    |    9.472|
r1_addr<4>     |r1_dout<21>    |    9.429|
r1_addr<4>     |r1_dout<22>    |   11.790|
r1_addr<4>     |r1_dout<23>    |   11.066|
r1_addr<4>     |r1_dout<24>    |   12.534|
r1_addr<4>     |r1_dout<25>    |   12.745|
r1_addr<4>     |r1_dout<26>    |   11.157|
r1_addr<4>     |r1_dout<27>    |   11.539|
r1_addr<4>     |r1_dout<28>    |   12.024|
r1_addr<4>     |r1_dout<29>    |   11.499|
r1_addr<4>     |r1_dout<30>    |   13.323|
r1_addr<4>     |r1_dout<31>    |   13.334|
r2_addr<0>     |r2_dout<0>     |   13.927|
r2_addr<0>     |r2_dout<1>     |   13.946|
r2_addr<0>     |r2_dout<2>     |   13.931|
r2_addr<0>     |r2_dout<3>     |   13.823|
r2_addr<0>     |r2_dout<4>     |   14.194|
r2_addr<0>     |r2_dout<5>     |   14.078|
r2_addr<0>     |r2_dout<6>     |   14.997|
r2_addr<0>     |r2_dout<7>     |   14.499|
r2_addr<0>     |r2_dout<8>     |   15.633|
r2_addr<0>     |r2_dout<9>     |   14.687|
r2_addr<0>     |r2_dout<10>    |   13.572|
r2_addr<0>     |r2_dout<11>    |   13.907|
r2_addr<0>     |r2_dout<12>    |   14.845|
r2_addr<0>     |r2_dout<13>    |   12.649|
r2_addr<0>     |r2_dout<14>    |   12.947|
r2_addr<0>     |r2_dout<15>    |   14.287|
r2_addr<0>     |r2_dout<16>    |   12.290|
r2_addr<0>     |r2_dout<17>    |   14.371|
r2_addr<0>     |r2_dout<18>    |   13.313|
r2_addr<0>     |r2_dout<19>    |   13.367|
r2_addr<0>     |r2_dout<20>    |   13.943|
r2_addr<0>     |r2_dout<21>    |   11.304|
r2_addr<0>     |r2_dout<22>    |   13.516|
r2_addr<0>     |r2_dout<23>    |   13.893|
r2_addr<0>     |r2_dout<24>    |   14.010|
r2_addr<0>     |r2_dout<25>    |   13.549|
r2_addr<0>     |r2_dout<26>    |   12.089|
r2_addr<0>     |r2_dout<27>    |   11.783|
r2_addr<0>     |r2_dout<28>    |   10.619|
r2_addr<0>     |r2_dout<29>    |   10.470|
r2_addr<0>     |r2_dout<30>    |   12.692|
r2_addr<0>     |r2_dout<31>    |   11.778|
r2_addr<1>     |r2_dout<0>     |    9.177|
r2_addr<1>     |r2_dout<1>     |    8.662|
r2_addr<1>     |r2_dout<2>     |    8.400|
r2_addr<1>     |r2_dout<3>     |    8.697|
r2_addr<1>     |r2_dout<4>     |    9.945|
r2_addr<1>     |r2_dout<5>     |   10.012|
r2_addr<1>     |r2_dout<6>     |   10.793|
r2_addr<1>     |r2_dout<7>     |   10.988|
r2_addr<1>     |r2_dout<8>     |   12.520|
r2_addr<1>     |r2_dout<9>     |   10.822|
r2_addr<1>     |r2_dout<10>    |    9.804|
r2_addr<1>     |r2_dout<11>    |   10.753|
r2_addr<1>     |r2_dout<12>    |    7.716|
r2_addr<1>     |r2_dout<13>    |    7.636|
r2_addr<1>     |r2_dout<14>    |   10.498|
r2_addr<1>     |r2_dout<15>    |   10.990|
r2_addr<1>     |r2_dout<16>    |   11.766|
r2_addr<1>     |r2_dout<17>    |   13.316|
r2_addr<1>     |r2_dout<18>    |   12.316|
r2_addr<1>     |r2_dout<19>    |   12.706|
r2_addr<1>     |r2_dout<20>    |    8.986|
r2_addr<1>     |r2_dout<21>    |    9.321|
r2_addr<1>     |r2_dout<22>    |   12.362|
r2_addr<1>     |r2_dout<23>    |   11.401|
r2_addr<1>     |r2_dout<24>    |   13.220|
r2_addr<1>     |r2_dout<25>    |   12.553|
r2_addr<1>     |r2_dout<26>    |    9.816|
r2_addr<1>     |r2_dout<27>    |   10.608|
r2_addr<1>     |r2_dout<28>    |    8.737|
r2_addr<1>     |r2_dout<29>    |    9.216|
r2_addr<1>     |r2_dout<30>    |   10.519|
r2_addr<1>     |r2_dout<31>    |   10.797|
r2_addr<2>     |r2_dout<0>     |    8.915|
r2_addr<2>     |r2_dout<1>     |    8.681|
r2_addr<2>     |r2_dout<2>     |    8.359|
r2_addr<2>     |r2_dout<3>     |    8.511|
r2_addr<2>     |r2_dout<4>     |   10.051|
r2_addr<2>     |r2_dout<5>     |    9.516|
r2_addr<2>     |r2_dout<6>     |   12.300|
r2_addr<2>     |r2_dout<7>     |   12.725|
r2_addr<2>     |r2_dout<8>     |   12.627|
r2_addr<2>     |r2_dout<9>     |   11.508|
r2_addr<2>     |r2_dout<10>    |    9.536|
r2_addr<2>     |r2_dout<11>    |    9.984|
r2_addr<2>     |r2_dout<12>    |    6.907|
r2_addr<2>     |r2_dout<13>    |    8.087|
r2_addr<2>     |r2_dout<14>    |   11.680|
r2_addr<2>     |r2_dout<15>    |   10.825|
r2_addr<2>     |r2_dout<16>    |   13.010|
r2_addr<2>     |r2_dout<17>    |   14.847|
r2_addr<2>     |r2_dout<18>    |   13.618|
r2_addr<2>     |r2_dout<19>    |   14.719|
r2_addr<2>     |r2_dout<20>    |    9.633|
r2_addr<2>     |r2_dout<21>    |   11.436|
r2_addr<2>     |r2_dout<22>    |   13.361|
r2_addr<2>     |r2_dout<23>    |   14.504|
r2_addr<2>     |r2_dout<24>    |   14.892|
r2_addr<2>     |r2_dout<25>    |   14.008|
r2_addr<2>     |r2_dout<26>    |   12.352|
r2_addr<2>     |r2_dout<27>    |   12.482|
r2_addr<2>     |r2_dout<28>    |   12.476|
r2_addr<2>     |r2_dout<29>    |   11.511|
r2_addr<2>     |r2_dout<30>    |   14.644|
r2_addr<2>     |r2_dout<31>    |   15.461|
r2_addr<3>     |r2_dout<0>     |    7.981|
r2_addr<3>     |r2_dout<1>     |    8.224|
r2_addr<3>     |r2_dout<2>     |    8.037|
r2_addr<3>     |r2_dout<3>     |    7.942|
r2_addr<3>     |r2_dout<4>     |    8.829|
r2_addr<3>     |r2_dout<5>     |    9.156|
r2_addr<3>     |r2_dout<6>     |   10.164|
r2_addr<3>     |r2_dout<7>     |    9.891|
r2_addr<3>     |r2_dout<8>     |   11.114|
r2_addr<3>     |r2_dout<9>     |   10.030|
r2_addr<3>     |r2_dout<10>    |    8.662|
r2_addr<3>     |r2_dout<11>    |    9.469|
r2_addr<3>     |r2_dout<12>    |    7.009|
r2_addr<3>     |r2_dout<13>    |    9.551|
r2_addr<3>     |r2_dout<14>    |    9.025|
r2_addr<3>     |r2_dout<15>    |    9.507|
r2_addr<3>     |r2_dout<16>    |    9.217|
r2_addr<3>     |r2_dout<17>    |   10.821|
r2_addr<3>     |r2_dout<18>    |   10.451|
r2_addr<3>     |r2_dout<19>    |   10.464|
r2_addr<3>     |r2_dout<20>    |    9.960|
r2_addr<3>     |r2_dout<21>    |    9.880|
r2_addr<3>     |r2_dout<22>    |   10.232|
r2_addr<3>     |r2_dout<23>    |   10.336|
r2_addr<3>     |r2_dout<24>    |    9.921|
r2_addr<3>     |r2_dout<25>    |   10.010|
r2_addr<3>     |r2_dout<26>    |    8.411|
r2_addr<3>     |r2_dout<27>    |    8.298|
r2_addr<3>     |r2_dout<28>    |    8.671|
r2_addr<3>     |r2_dout<29>    |    8.839|
r2_addr<3>     |r2_dout<30>    |    8.769|
r2_addr<3>     |r2_dout<31>    |    8.888|
r2_addr<4>     |r2_dout<0>     |    7.163|
r2_addr<4>     |r2_dout<1>     |    7.177|
r2_addr<4>     |r2_dout<2>     |    7.224|
r2_addr<4>     |r2_dout<3>     |    7.040|
r2_addr<4>     |r2_dout<4>     |    7.959|
r2_addr<4>     |r2_dout<5>     |    8.169|
r2_addr<4>     |r2_dout<6>     |   10.276|
r2_addr<4>     |r2_dout<7>     |    9.493|
r2_addr<4>     |r2_dout<8>     |   10.482|
r2_addr<4>     |r2_dout<9>     |    9.161|
r2_addr<4>     |r2_dout<10>    |    8.303|
r2_addr<4>     |r2_dout<11>    |    8.426|
r2_addr<4>     |r2_dout<12>    |    6.361|
r2_addr<4>     |r2_dout<13>    |    8.663|
r2_addr<4>     |r2_dout<14>    |    8.617|
r2_addr<4>     |r2_dout<15>    |    8.636|
r2_addr<4>     |r2_dout<16>    |    9.759|
r2_addr<4>     |r2_dout<17>    |   11.819|
r2_addr<4>     |r2_dout<18>    |   10.264|
r2_addr<4>     |r2_dout<19>    |   10.905|
r2_addr<4>     |r2_dout<20>    |    9.180|
r2_addr<4>     |r2_dout<21>    |    9.118|
r2_addr<4>     |r2_dout<22>    |    9.972|
r2_addr<4>     |r2_dout<23>    |   11.092|
r2_addr<4>     |r2_dout<24>    |   11.753|
r2_addr<4>     |r2_dout<25>    |   10.712|
r2_addr<4>     |r2_dout<26>    |    9.437|
r2_addr<4>     |r2_dout<27>    |    9.751|
r2_addr<4>     |r2_dout<28>    |    9.767|
r2_addr<4>     |r2_dout<29>    |   10.054|
r2_addr<4>     |r2_dout<30>    |   11.588|
r2_addr<4>     |r2_dout<31>    |   11.839|
---------------+---------------+---------+


Analysis completed Sun Jun 05 10:56:02 2016 
--------------------------------------------------------------------------------

Trace Settings:
-------------------------
Trace Settings 

Peak Memory Usage: 140 MB



